{
    "genome": {
        "sequence_id": "chr19", 
        "strand": "+"
    }, 
    "introns": {
        "1": {
            "BPS_score": 0.0, 
            "acceptor_alignment_error": 0.0, 
            "acceptor_exon_prefix": "GCGCTATGGAGTCTA", 
            "acceptor_score": 0.911169, 
            "absolute_end": 57633692, 
            "absolute_start": 57631598, 
            "donor_alignment_error": 0.0, 
            "donor_score": 0.796445, 
            "donor_exon_suffix": "AGCCTGGGCAACATA", 
            "length": 2095, 
            "number_of_supporting_transcripts": 3, 
            "pattern": "GTAG", 
            "prefix": "GTGAGACCCTCCCCCCACCC", 
            "relative_end": 2184, 
            "relative_start": 90, 
            "repeat_sequence": "G", 
            "suffix": "CTTCCATCATTCTCCTCCAG", 
            "supporting_transcripts": {
                "AF124433": {
                    "acceptor_factor_prefix": "GCGCTATGGAGTCTA", 
                    "donor_factor_suffix": "AGCCTGGGCAACATA", 
                    "acceptor_factor_start": 105, 
                    "donor_factor_start": 16, 
                    "acceptor_factor_end": 254, 
                    "donor_factor_end": 104
                }, 
                "AK308285": {
                    "acceptor_factor_prefix": "GCGCTATGGAGTCTA", 
                    "donor_factor_suffix": "AGCCTGGGCAACATA", 
                    "acceptor_factor_start": 188, 
                    "donor_factor_start": 99, 
                    "acceptor_factor_end": 337, 
                    "donor_factor_end": 187
                }, 
                "NM_020903": {
                    "acceptor_factor_prefix": "GCGCTATGGAGTCTA", 
                    "donor_factor_suffix": "AGCCTGGGCAACATA", 
                    "acceptor_factor_start": 90, 
                    "donor_factor_start": 1, 
                    "acceptor_factor_end": 239, 
                    "donor_factor_end": 89
                }
            }, 
            "type": "1"
        }, 
        "2": {
            "BPS_position": 1381, 
            "BPS_score": 0.78947, 
            "acceptor_alignment_error": 0.0, 
            "acceptor_exon_prefix": "TAACAGCCGTGGCAG", 
            "acceptor_score": 0.8691, 
            "absolute_end": 57635406, 
            "absolute_start": 57633843, 
            "donor_alignment_error": 0.0, 
            "donor_score": 0.825272, 
            "donor_exon_suffix": "ACAGCTCTCCAAACT", 
            "length": 1564, 
            "number_of_supporting_transcripts": 3, 
            "pattern": "GTAG", 
            "prefix": "GTAAGTTTCATTCAAGGTTT", 
            "relative_end": 3898, 
            "relative_start": 2335, 
            "repeat_sequence": ".", 
            "suffix": "ACCTTTTTGTTTCTTCCTAG", 
            "supporting_transcripts": {
                "AF124433": {
                    "acceptor_factor_prefix": "TAACAGCCGTGGCAG", 
                    "donor_factor_suffix": "ACAGCTCTCCAAACT", 
                    "acceptor_factor_start": 255, 
                    "donor_factor_start": 105, 
                    "acceptor_factor_end": 355, 
                    "donor_factor_end": 254
                }, 
                "AK308285": {
                    "acceptor_factor_prefix": "TAACAGCCGTGGCAG", 
                    "donor_factor_suffix": "ACAGCTCTCCAAACT", 
                    "acceptor_factor_start": 338, 
                    "donor_factor_start": 188, 
                    "acceptor_factor_end": 438, 
                    "donor_factor_end": 337
                }, 
                "NM_020903": {
                    "acceptor_factor_prefix": "TAACAGCCGTGGCAG", 
                    "donor_factor_suffix": "ACAGCTCTCCAAACT", 
                    "acceptor_factor_start": 240, 
                    "donor_factor_start": 90, 
                    "acceptor_factor_end": 340, 
                    "donor_factor_end": 239
                }
            }, 
            "type": "1"
        }, 
        "3": {
            "BPS_position": 1381, 
            "BPS_score": 0.78947, 
            "acceptor_alignment_error": 0.0, 
            "acceptor_exon_prefix": "CCGTGGCAGTCAGAG", 
            "acceptor_score": 0.832259, 
            "absolute_end": 57635412, 
            "absolute_start": 57633843, 
            "donor_alignment_error": 0.0, 
            "donor_score": 0.825272, 
            "donor_exon_suffix": "ACAGCTCTCCAAACT", 
            "length": 1570, 
            "number_of_supporting_transcripts": 1, 
            "pattern": "GTAG", 
            "prefix": "GTAAGTTTCATTCAAGGTTT", 
            "relative_end": 3904, 
            "relative_start": 2335, 
            "repeat_sequence": ".", 
            "suffix": "TTGTTTCTTCCTAGTAACAG", 
            "supporting_transcripts": {
                "DR007229": {
                    "acceptor_factor_prefix": "CCGTGGCAGTCAGAG", 
                    "donor_factor_suffix": "ACAGCTCTCCAAACT", 
                    "acceptor_factor_start": 241, 
                    "donor_factor_start": 89, 
                    "acceptor_factor_end": 335, 
                    "donor_factor_end": 240
                }
            }, 
            "type": "1"
        }, 
        "4": {
            "BPS_score": 0.0, 
            "acceptor_alignment_error": 0.0, 
            "acceptor_exon_prefix": "GTTACATAAAGAAAG", 
            "acceptor_score": 0.917891, 
            "absolute_end": 57640027, 
            "absolute_start": 57635508, 
            "donor_alignment_error": 0.0, 
            "donor_score": 0.800906, 
            "donor_exon_suffix": "TCTTCGGAAAGAACT", 
            "length": 4520, 
            "number_of_supporting_transcripts": 6, 
            "pattern": "GTAG", 
            "prefix": "GTGAGTAGCAAAGGGCAACT", 
            "relative_end": 8519, 
            "relative_start": 4000, 
            "repeat_sequence": "GT", 
            "suffix": "TGTGTGCTTTTCTTCTTTAG", 
            "supporting_transcripts": {
                "AF124433": {
                    "acceptor_factor_prefix": "GTTACATAAAGAAAG", 
                    "donor_factor_suffix": "TCTTCGGAAAGAACT", 
                    "acceptor_factor_start": 356, 
                    "donor_factor_start": 255, 
                    "acceptor_factor_end": 1552, 
                    "donor_factor_end": 355
                }, 
                "AK308285": {
                    "acceptor_factor_prefix": "GTTACATAAAGAAAG", 
                    "donor_factor_suffix": "TCTTCGGAAAGAACT", 
                    "acceptor_factor_start": 439, 
                    "donor_factor_start": 338, 
                    "acceptor_factor_end": 3566, 
                    "donor_factor_end": 438
                }, 
                "BC130394": {
                    "acceptor_factor_prefix": "GTTACATAAAGAAAG", 
                    "donor_factor_suffix": "TCTTCGGAAAGAACT", 
                    "acceptor_factor_start": 101, 
                    "donor_factor_start": 1, 
                    "acceptor_factor_end": 3072, 
                    "donor_factor_end": 100
                }, 
                "BC130398": {
                    "acceptor_factor_prefix": "GTTACATAAAGAAAG", 
                    "donor_factor_suffix": "TCTTCGGAAAGAACT", 
                    "acceptor_factor_start": 101, 
                    "donor_factor_start": 1, 
                    "acceptor_factor_end": 3073, 
                    "donor_factor_end": 100
                }, 
                "DR007229": {
                    "acceptor_factor_prefix": "GTTACATAAAGAAAG", 
                    "donor_factor_suffix": "TCTTCGGAAAGAACT", 
                    "acceptor_factor_start": 336, 
                    "donor_factor_start": 241, 
                    "acceptor_factor_end": 443, 
                    "donor_factor_end": 335
                }, 
                "NM_020903": {
                    "acceptor_factor_prefix": "GTTACATAAAGAAAG", 
                    "donor_factor_suffix": "TCTTCGGAAAGAACT", 
                    "acceptor_factor_start": 341, 
                    "donor_factor_start": 240, 
                    "acceptor_factor_end": 3607, 
                    "donor_factor_end": 340
                }
            }, 
            "type": "1"
        }
    }, 
    "isoforms": {
        "1": {
            "CDS end": 3125, 
            "CDS length": 2769, 
            "CDS start": 357, 
            "NMD flag": 0, 
            "PAS?": false, 
            "RefSeq": "NM_020903", 
            "Reference frame?": true, 
            "Type": "NM_020903 (Reference TR)", 
            "annotated CDS?": true, 
            "canonical end codon?": true, 
            "canonical start codon?": true, 
            "exons": [
                {
                    "3utr length": 0, 
                    "5utr length": 89, 
                    "absolute_end": 57631597, 
                    "absolute_start": 57631509, 
                    "cumulative genome length": 89, 
                    "cumulative transcript length": 89, 
                    "genome 5UTR end": 57631597, 
                    "genome 5UTR start": 57631509, 
                    "genome length": 89, 
                    "relative_end": 89, 
                    "relative_start": 1, 
                    "sequence": "AGGCTCATGCCTGTAATCCCAGCACTTTGGGAGGCCGAGGCGGGAGGATCGCTTGTGCCCAGGAGTTGGAGACCAGCCTGGGCAACATA", 
                    "transcript length": 89
                }, 
                {
                    "3utr length": 0, 
                    "5utr length": 150, 
                    "absolute_end": 57633842, 
                    "absolute_start": 57633693, 
                    "cumulative genome length": 239, 
                    "cumulative transcript length": 239, 
                    "genome 5UTR end": 57633842, 
                    "genome 5UTR start": 57633693, 
                    "genome length": 150, 
                    "relative_end": 2334, 
                    "relative_start": 2185, 
                    "sequence": "GCGCTATGGAGTCTAATCCAGGCACTTTGGAAGGCTGAGGCTGGAGGATCGATTGAGGCCAGGAGTTTGGGACCACCCTGGGCAACATAGCAAGATCTCATTTCTGAAAAAAGAATTATCATCCACTCACCCAGAACAGCTCTCCAAACT", 
                    "transcript length": 150
                }, 
                {
                    "3utr length": 0, 
                    "5utr length": 101, 
                    "absolute_end": 57635507, 
                    "absolute_start": 57635407, 
                    "cumulative genome length": 340, 
                    "cumulative transcript length": 340, 
                    "genome 5UTR end": 57635507, 
                    "genome 5UTR start": 57635407, 
                    "genome length": 101, 
                    "relative_end": 3999, 
                    "relative_start": 3899, 
                    "sequence": "TAACAGCCGTGGCAGTCAGAGCTCTGCCTGCAGTGTGACCATGGACAGCTCTCCAAAGCTTAAACTTCAGTAAATTGACTCAAGTTTCTTCGGAAAGAACT", 
                    "transcript length": 101
                }, 
                {
                    "3utr length": 482, 
                    "5utr length": 16, 
                    "absolute_end": 57643294, 
                    "absolute_start": 57640028, 
                    "cumulative genome length": 3607, 
                    "cumulative transcript length": 3607, 
                    "frame CDS": 0, 
                    "frame start codon": 0, 
                    "frame stop codon": 0, 
                    "genome 3UTR end": 57643294, 
                    "genome 3UTR start": 57642813, 
                    "genome 5UTR end": 57640043, 
                    "genome 5UTR start": 57640028, 
                    "genome CDS end": 57642809, 
                    "genome CDS start": 57640044, 
                    "genome length": 3267, 
                    "genome start codon end": 57640046, 
                    "genome start codon start": 57640044, 
                    "genome stop codon end": 57642812, 
                    "genome stop codon start": 57642810, 
                    "relative_end": 11786, 
                    "relative_start": 8520, 
                    "sequence": "GTTACATAAAGAAAGGATGATATCTCTAAAGGTATGTGGATTCATCCAAATTTGGAGCCAGAAGACTGGGATGACTAAGCTGAAAGAAGCTCTCATTGAAACAGTGCAAAGACAAAAGGAAATTAAACTGGTGGTCACTTTCAAATCTGGAAAATTTATAAGAATTTTTCAGCTGAGCAACAACATTAGAAGTGTGGTCCTTAGACATTGTAAAAAAAGACAAAGTCACCTGCGTTTAACTTTGAAAAACAACGTGTTCTTGTTTATTGACAAATTATCCTACAGAGATGCTAAACAGTTGAATATGTTCCTGGACATAATCCACCAAAACAAATCTCAGCAACCCATGAAATCTGATGATGATTGGAGTGTGTTTGAAAGCAGGAATATGCTGAAGGAAATTGACAAAACTTCATTTTACAGCATTTGTAACAAGCCAAGTTATCAGAAGATGCCTTTGTTTATGTCAAAATCACCAACACATGTGAAAAAGGGGATATTAGAAAATCAAGGTGGGAAGGGGCAAAACACACTATCATCTGATGTACAGACAAATGAGGACATTCTGAAGGAAGATAACCCTGTACCAAACAAGAAATATAAGACAGATTCCTTGAAATATATACAAAGCAATAGGAAGAACCCATCAAGTTTAGAGGATTTAGAAAAAGATAGAGATTTGAAACTCGGGCCTTCATTCAATACCAACTGTAATGGAAATCCTAACCTAGATGAGACTGTTCTTGCAACCCAGACTCTCAATGCCAAAAATGGTTTGACATCTCCATTGGAACCAGAGCACAGCCAGGGTGACCCAAGATGCAACAAAGCCCAGGTGCCTCTTGACTCTCATTCACAGCAACTGCAGCAGGGGTTCCCCAATTTGGGAAACACCTGTTACATGAATGCAGTTTTACAATCGCTATTTGCAATTCCATCTTTTGCTGATGACTTACTCACTCAAGGTGTCCCATGGGAATATATTCCCTTTGAGGCTCTTATTATGACCTTGACCCAGCTGCTTGCTTTGAAAGATTTCTGTAGTACAAAGATCAAGAGAGAATTACTTGGGAATGTTAAAAAAGTCATTTCAGCAGTTGCAGAAATATTTTCTGGCAACATGCAGAATGATGCTCATGAGTTTTTAGGTCAGTGTTTAGACCAGCTGAAAGAAGACATGGAAAAATTAAATGCCACTTTGAATACTGGGAAAGAATGTGGGGATGAAAATTCATCTCCACAAATGCATGTTGGTAGTGCTGCCACCAAAGTGTTTGTTTGCCCTGTTGTTGCTAATTTTGAGTTTGAATTGCAGCTCTCCCTTATTTGTAAAGCTTGTGGTCATGCTGTTCTCAAGGTAGAACCTAATAATTATCTCTCCATCAACCTGCACCAAGAAACAAAACCACTTCCTTTGTCCATTCAGAATTCTTTAGATCTTTTCTTTAAAGAAGAAGAGCTTGAATATAACTGTCAGATGTGTAAGCAGAAGAGTTGTGTTGCAAGGCATACATTTAGTAGGCTCTCCAGGGTCCTTATCATTCATCTGAAACGCTATAGCTTCAACAATGCTTGGTTGCTGGTGAAGAATAACGAGCAAGTTTATATTCCCAAATCTTTAAGTTTATCTTCTTATTGCAATGAAAGCACCAAACCACCTCTTCCCTTGAGCAGTAGTGCACCTGTTGGGAAATGTGAAGTCCTGGAAGTCTCTCAGGAGATGATTTCTGAGATCAACAGCCCATTGACACCATCAATGAAGCTGACCTCAGAATCCAGTGATTCCCTGGTTCTACCCGTTGAACCAGACAAGAATGCCGACCTACAAAGATTCCAGAGAGACTGTGGAGATGCAAGCCAAGAGCAGCATCAGAGAGACCTGGAAAATGGCTCTGCACTAGAGTCAGAATTGGTCCACTTTAGAGATAGGGCAATCGGTGAAAAGGAGCTTCCAGTGGCTGACTCACTGATGGACCAGGGAGACATTTCTCTTCCTGTGATGTATGAAGATGGAGGGAAGCTGATCAGCAGCCCAGACACAAGGCTTGTCGAGGTTCATCTTCAAGAGGTGCCTCAACATCCAGAACTTCAGAAGTATGAGAAAACCAATACATTCGTAGAGTTCAATTTTGACAGTGTCACTGAGTCCACCAATGGCTTTTATGACTGTAAAGAAAACAGGATTCCAGAAGGATCTCAAGGAATGGCTGAACAGCTCCAGCAGTGTATTGAGGAGAGCATCATAGATGAATTTCTTCAGCAGGCACCACCTCCAGGTGTTAGGAAGCTGGATGCCCAGGAACATACAGAAGAGACCCTCAATCAGTCTACAGAATTAAGACTTCAAAAGGCTGACCTGAATCACCTTGGGGCACTGGGTTCTGACAACCCAGGAAACAAAAACATTTTAGATGCAGAGAACACAAGAGGTGAAGCCAAGGAACTAACAAGAAACGTGAAGATGGGGGATCCTCTCCAGGCCTACAGACTCATCAGTGTTGTCAGCCATATCGGGAGCTCCCCAAATTCAGGCCATTACATCAGCGATGTGTATGACTTTCAGAAGCAGGCCTGGTTCACATACAACGATCTATGTGTATCAGAAATCTCAGAGACCAAAATGCAGGAGGCGAGGCTTCACTCTGGGTATATCTTCTTTTACATGCACAATGGGATTTTTGAGGAGCTGTTAAGAAAAGCAGAGAACTCTCGGCTACCTAGCACACAGGCAGGGGTGATCCCTCAGGGGGAATACGAAGGTGACTCTTTGTACAGACCTGCTTGACAGACTCACTCGGCCTCACTTCATCCTTGCAAAGAGAATCCTGTACTTCATCCTTGCAAAGAGAATCCTGTACTTCACTCAGAATGAAGGAACAAGTATCTCAGGATGAAATCTCAATGAAAAACACTTATTTTGGGGGAATATCTATTTTAACTGCTTCAGACACCTAGATCCCAGAACTCAGGCGCATATGCATATTTTCCCTGCAAGATTAGAATGGTGCTCTTCACGTTTTGACGGTGGTTTTCAAAATGTTGTTCTTCAACCAGCAACAGCAACAGCTAGGGACTGATTAGAAATGCAAATTCTTGGGTCACTCTCTAGACCAACTGATGCAGAAACAGGAGGTGTGAGCCAGCAATCAGATGGAGATTCTAGTGCTCATGAAAGTTTGAAGAACACTGGTAATGTGTGGAGTATCTTGGTGTATTTTGCTACTGTTGATATGGATTGCTTATGTTATATAAACGATTTTCATTAAA", 
                    "transcript length": 3267
                }
            ], 
            "from RefSeq?": true, 
            "introns": [
                1, 
                2, 
                4
            ], 
            "length": 3607, 
            "number exons": 4, 
            "polyA?": false, 
            "protein length": 922, 
            "protein missing codon?": false, 
            "reference CDS end codon?": true, 
            "reference CDS start codon?": true, 
            "reference?": true, 
            "transcript sequence": "AGGCTCATGCCTGTAATCCCAGCACTTTGGGAGGCCGAGGCGGGAGGATCGCTTGTGCCCAGGAGTTGGAGACCAGCCTGGGCAACATAGCGCTATGGAGTCTAATCCAGGCACTTTGGAAGGCTGAGGCTGGAGGATCGATTGAGGCCAGGAGTTTGGGACCACCCTGGGCAACATAGCAAGATCTCATTTCTGAAAAAAGAATTATCATCCACTCACCCAGAACAGCTCTCCAAACTTAACAGCCGTGGCAGTCAGAGCTCTGCCTGCAGTGTGACCATGGACAGCTCTCCAAAGCTTAAACTTCAGTAAATTGACTCAAGTTTCTTCGGAAAGAACTGTTACATAAAGAAAGGATGATATCTCTAAAGGTATGTGGATTCATCCAAATTTGGAGCCAGAAGACTGGGATGACTAAGCTGAAAGAAGCTCTCATTGAAACAGTGCAAAGACAAAAGGAAATTAAACTGGTGGTCACTTTCAAATCTGGAAAATTTATAAGAATTTTTCAGCTGAGCAACAACATTAGAAGTGTGGTCCTTAGACATTGTAAAAAAAGACAAAGTCACCTGCGTTTAACTTTGAAAAACAACGTGTTCTTGTTTATTGACAAATTATCCTACAGAGATGCTAAACAGTTGAATATGTTCCTGGACATAATCCACCAAAACAAATCTCAGCAACCCATGAAATCTGATGATGATTGGAGTGTGTTTGAAAGCAGGAATATGCTGAAGGAAATTGACAAAACTTCATTTTACAGCATTTGTAACAAGCCAAGTTATCAGAAGATGCCTTTGTTTATGTCAAAATCACCAACACATGTGAAAAAGGGGATATTAGAAAATCAAGGTGGGAAGGGGCAAAACACACTATCATCTGATGTACAGACAAATGAGGACATTCTGAAGGAAGATAACCCTGTACCAAACAAGAAATATAAGACAGATTCCTTGAAATATATACAAAGCAATAGGAAGAACCCATCAAGTTTAGAGGATTTAGAAAAAGATAGAGATTTGAAACTCGGGCCTTCATTCAATACCAACTGTAATGGAAATCCTAACCTAGATGAGACTGTTCTTGCAACCCAGACTCTCAATGCCAAAAATGGTTTGACATCTCCATTGGAACCAGAGCACAGCCAGGGTGACCCAAGATGCAACAAAGCCCAGGTGCCTCTTGACTCTCATTCACAGCAACTGCAGCAGGGGTTCCCCAATTTGGGAAACACCTGTTACATGAATGCAGTTTTACAATCGCTATTTGCAATTCCATCTTTTGCTGATGACTTACTCACTCAAGGTGTCCCATGGGAATATATTCCCTTTGAGGCTCTTATTATGACCTTGACCCAGCTGCTTGCTTTGAAAGATTTCTGTAGTACAAAGATCAAGAGAGAATTACTTGGGAATGTTAAAAAAGTCATTTCAGCAGTTGCAGAAATATTTTCTGGCAACATGCAGAATGATGCTCATGAGTTTTTAGGTCAGTGTTTAGACCAGCTGAAAGAAGACATGGAAAAATTAAATGCCACTTTGAATACTGGGAAAGAATGTGGGGATGAAAATTCATCTCCACAAATGCATGTTGGTAGTGCTGCCACCAAAGTGTTTGTTTGCCCTGTTGTTGCTAATTTTGAGTTTGAATTGCAGCTCTCCCTTATTTGTAAAGCTTGTGGTCATGCTGTTCTCAAGGTAGAACCTAATAATTATCTCTCCATCAACCTGCACCAAGAAACAAAACCACTTCCTTTGTCCATTCAGAATTCTTTAGATCTTTTCTTTAAAGAAGAAGAGCTTGAATATAACTGTCAGATGTGTAAGCAGAAGAGTTGTGTTGCAAGGCATACATTTAGTAGGCTCTCCAGGGTCCTTATCATTCATCTGAAACGCTATAGCTTCAACAATGCTTGGTTGCTGGTGAAGAATAACGAGCAAGTTTATATTCCCAAATCTTTAAGTTTATCTTCTTATTGCAATGAAAGCACCAAACCACCTCTTCCCTTGAGCAGTAGTGCACCTGTTGGGAAATGTGAAGTCCTGGAAGTCTCTCAGGAGATGATTTCTGAGATCAACAGCCCATTGACACCATCAATGAAGCTGACCTCAGAATCCAGTGATTCCCTGGTTCTACCCGTTGAACCAGACAAGAATGCCGACCTACAAAGATTCCAGAGAGACTGTGGAGATGCAAGCCAAGAGCAGCATCAGAGAGACCTGGAAAATGGCTCTGCACTAGAGTCAGAATTGGTCCACTTTAGAGATAGGGCAATCGGTGAAAAGGAGCTTCCAGTGGCTGACTCACTGATGGACCAGGGAGACATTTCTCTTCCTGTGATGTATGAAGATGGAGGGAAGCTGATCAGCAGCCCAGACACAAGGCTTGTCGAGGTTCATCTTCAAGAGGTGCCTCAACATCCAGAACTTCAGAAGTATGAGAAAACCAATACATTCGTAGAGTTCAATTTTGACAGTGTCACTGAGTCCACCAATGGCTTTTATGACTGTAAAGAAAACAGGATTCCAGAAGGATCTCAAGGAATGGCTGAACAGCTCCAGCAGTGTATTGAGGAGAGCATCATAGATGAATTTCTTCAGCAGGCACCACCTCCAGGTGTTAGGAAGCTGGATGCCCAGGAACATACAGAAGAGACCCTCAATCAGTCTACAGAATTAAGACTTCAAAAGGCTGACCTGAATCACCTTGGGGCACTGGGTTCTGACAACCCAGGAAACAAAAACATTTTAGATGCAGAGAACACAAGAGGTGAAGCCAAGGAACTAACAAGAAACGTGAAGATGGGGGATCCTCTCCAGGCCTACAGACTCATCAGTGTTGTCAGCCATATCGGGAGCTCCCCAAATTCAGGCCATTACATCAGCGATGTGTATGACTTTCAGAAGCAGGCCTGGTTCACATACAACGATCTATGTGTATCAGAAATCTCAGAGACCAAAATGCAGGAGGCGAGGCTTCACTCTGGGTATATCTTCTTTTACATGCACAATGGGATTTTTGAGGAGCTGTTAAGAAAAGCAGAGAACTCTCGGCTACCTAGCACACAGGCAGGGGTGATCCCTCAGGGGGAATACGAAGGTGACTCTTTGTACAGACCTGCTTGACAGACTCACTCGGCCTCACTTCATCCTTGCAAAGAGAATCCTGTACTTCATCCTTGCAAAGAGAATCCTGTACTTCACTCAGAATGAAGGAACAAGTATCTCAGGATGAAATCTCAATGAAAAACACTTATTTTGGGGGAATATCTATTTTAACTGCTTCAGACACCTAGATCCCAGAACTCAGGCGCATATGCATATTTTCCCTGCAAGATTAGAATGGTGCTCTTCACGTTTTGACGGTGGTTTTCAAAATGTTGTTCTTCAACCAGCAACAGCAACAGCTAGGGACTGATTAGAAATGCAAATTCTTGGGTCACTCTCTAGACCAACTGATGCAGAAACAGGAGGTGTGAGCCAGCAATCAGATGGAGATTCTAGTGCTCATGAAAGTTTGAAGAACACTGGTAATGTGTGGAGTATCTTGGTGTATTTTGCTACTGTTGATATGGATTGCTTATGTTATATAAACGATTTTCATTAAA"
        }, 
        "2": {
            "CDS end": 3032, 
            "CDS length": 2769, 
            "CDS start": 264, 
            "NMD flag": 0, 
            "PAS?": false, 
            "Reference frame?": true, 
            "Type": "A3E (I2, +6 nt), 5UTR; init(E1a),5UTR;", 
            "annotated CDS?": true, 
            "canonical end codon?": true, 
            "canonical start codon?": true, 
            "exons": [
                {
                    "3utr length": 0, 
                    "5utr length": 152, 
                    "absolute_end": 57633842, 
                    "absolute_start": 57633691, 
                    "cumulative genome length": 152, 
                    "cumulative transcript length": 152, 
                    "genome 5UTR end": 57633842, 
                    "genome 5UTR start": 57633691, 
                    "genome length": 152, 
                    "relative_end": 2334, 
                    "relative_start": 2183, 
                    "sequence": "AGGCGCTATGGAGTCTAATCCAGGCACTTTGGAAGGCTGAGGCTGGAGGATCGATTGAGGCCAGGAGTTTGGGACCACCCTGGGCAACATAGCAAGATCTCATTTCTGAAAAAAGAATTATCATCCACTCACCCAGAACAGCTCTCCAAACT", 
                    "transcript length": 152
                }, 
                {
                    "3utr length": 0, 
                    "5utr length": 95, 
                    "absolute_end": 57635507, 
                    "absolute_start": 57635413, 
                    "cumulative genome length": 247, 
                    "cumulative transcript length": 247, 
                    "genome 5UTR end": 57635507, 
                    "genome 5UTR start": 57635413, 
                    "genome length": 95, 
                    "relative_end": 3999, 
                    "relative_start": 3905, 
                    "sequence": "CCGTGGCAGTCAGAGCTCTGCCTGCAGTGTGACCATGGACAGCTCTCCAAAGCTTAAACTTCAGTAAATTGACTCAAGTTTCTTCGGAAAGAACT", 
                    "transcript length": 95
                }, 
                {
                    "3utr length": 482, 
                    "5utr length": 16, 
                    "absolute_end": 57643294, 
                    "absolute_start": 57640028, 
                    "cumulative genome length": 3514, 
                    "cumulative transcript length": 3514, 
                    "frame CDS": 0, 
                    "frame start codon": 0, 
                    "frame stop codon": 0, 
                    "genome 3UTR end": 57643294, 
                    "genome 3UTR start": 57642813, 
                    "genome 5UTR end": 57640043, 
                    "genome 5UTR start": 57640028, 
                    "genome CDS end": 57642809, 
                    "genome CDS start": 57640044, 
                    "genome length": 3267, 
                    "genome start codon end": 57640046, 
                    "genome start codon start": 57640044, 
                    "genome stop codon end": 57642812, 
                    "genome stop codon start": 57642810, 
                    "relative_end": 11786, 
                    "relative_start": 8520, 
                    "sequence": "GTTACATAAAGAAAGGATGATATCTCTAAAGGTATGTGGATTCATCCAAATTTGGAGCCAGAAGACTGGGATGACTAAGCTGAAAGAAGCTCTCATTGAAACAGTGCAAAGACAAAAGGAAATTAAACTGGTGGTCACTTTCAAATCTGGAAAATTTATAAGAATTTTTCAGCTGAGCAACAACATTAGAAGTGTGGTCCTTAGACATTGTAAAAAAAGACAAAGTCACCTGCGTTTAACTTTGAAAAACAACGTGTTCTTGTTTATTGACAAATTATCCTACAGAGATGCTAAACAGTTGAATATGTTCCTGGACATAATCCACCAAAACAAATCTCAGCAACCCATGAAATCTGATGATGATTGGAGTGTGTTTGAAAGCAGGAATATGCTGAAGGAAATTGACAAAACTTCATTTTACAGCATTTGTAACAAGCCAAGTTATCAGAAGATGCCTTTGTTTATGTCAAAATCACCAACACATGTGAAAAAGGGGATATTAGAAAATCAAGGTGGGAAGGGGCAAAACACACTATCATCTGATGTACAGACAAATGAGGACATTCTGAAGGAAGATAACCCTGTACCAAACAAGAAATATAAGACAGATTCCTTGAAATATATACAAAGCAATAGGAAGAACCCATCAAGTTTAGAGGATTTAGAAAAAGATAGAGATTTGAAACTCGGGCCTTCATTCAATACCAACTGTAATGGAAATCCTAACCTAGATGAGACTGTTCTTGCAACCCAGACTCTCAATGCCAAAAATGGTTTGACATCTCCATTGGAACCAGAGCACAGCCAGGGTGACCCAAGATGCAACAAAGCCCAGGTGCCTCTTGACTCTCATTCACAGCAACTGCAGCAGGGGTTCCCCAATTTGGGAAACACCTGTTACATGAATGCAGTTTTACAATCGCTATTTGCAATTCCATCTTTTGCTGATGACTTACTCACTCAAGGTGTCCCATGGGAATATATTCCCTTTGAGGCTCTTATTATGACCTTGACCCAGCTGCTTGCTTTGAAAGATTTCTGTAGTACAAAGATCAAGAGAGAATTACTTGGGAATGTTAAAAAAGTCATTTCAGCAGTTGCAGAAATATTTTCTGGCAACATGCAGAATGATGCTCATGAGTTTTTAGGTCAGTGTTTAGACCAGCTGAAAGAAGACATGGAAAAATTAAATGCCACTTTGAATACTGGGAAAGAATGTGGGGATGAAAATTCATCTCCACAAATGCATGTTGGTAGTGCTGCCACCAAAGTGTTTGTTTGCCCTGTTGTTGCTAATTTTGAGTTTGAATTGCAGCTCTCCCTTATTTGTAAAGCTTGTGGTCATGCTGTTCTCAAGGTAGAACCTAATAATTATCTCTCCATCAACCTGCACCAAGAAACAAAACCACTTCCTTTGTCCATTCAGAATTCTTTAGATCTTTTCTTTAAAGAAGAAGAGCTTGAATATAACTGTCAGATGTGTAAGCAGAAGAGTTGTGTTGCAAGGCATACATTTAGTAGGCTCTCCAGGGTCCTTATCATTCATCTGAAACGCTATAGCTTCAACAATGCTTGGTTGCTGGTGAAGAATAACGAGCAAGTTTATATTCCCAAATCTTTAAGTTTATCTTCTTATTGCAATGAAAGCACCAAACCACCTCTTCCCTTGAGCAGTAGTGCACCTGTTGGGAAATGTGAAGTCCTGGAAGTCTCTCAGGAGATGATTTCTGAGATCAACAGCCCATTGACACCATCAATGAAGCTGACCTCAGAATCCAGTGATTCCCTGGTTCTACCCGTTGAACCAGACAAGAATGCCGACCTACAAAGATTCCAGAGAGACTGTGGAGATGCAAGCCAAGAGCAGCATCAGAGAGACCTGGAAAATGGCTCTGCACTAGAGTCAGAATTGGTCCACTTTAGAGATAGGGCAATCGGTGAAAAGGAGCTTCCAGTGGCTGACTCACTGATGGACCAGGGAGACATTTCTCTTCCTGTGATGTATGAAGATGGAGGGAAGCTGATCAGCAGCCCAGACACAAGGCTTGTCGAGGTTCATCTTCAAGAGGTGCCTCAACATCCAGAACTTCAGAAGTATGAGAAAACCAATACATTCGTAGAGTTCAATTTTGACAGTGTCACTGAGTCCACCAATGGCTTTTATGACTGTAAAGAAAACAGGATTCCAGAAGGATCTCAAGGAATGGCTGAACAGCTCCAGCAGTGTATTGAGGAGAGCATCATAGATGAATTTCTTCAGCAGGCACCACCTCCAGGTGTTAGGAAGCTGGATGCCCAGGAACATACAGAAGAGACCCTCAATCAGTCTACAGAATTAAGACTTCAAAAGGCTGACCTGAATCACCTTGGGGCACTGGGTTCTGACAACCCAGGAAACAAAAACATTTTAGATGCAGAGAACACAAGAGGTGAAGCCAAGGAACTAACAAGAAACGTGAAGATGGGGGATCCTCTCCAGGCCTACAGACTCATCAGTGTTGTCAGCCATATCGGGAGCTCCCCAAATTCAGGCCATTACATCAGCGATGTGTATGACTTTCAGAAGCAGGCCTGGTTCACATACAACGATCTATGTGTATCAGAAATCTCAGAGACCAAAATGCAGGAGGCGAGGCTTCACTCTGGGTATATCTTCTTTTACATGCACAATGGGATTTTTGAGGAGCTGTTAAGAAAAGCAGAGAACTCTCGGCTACCTAGCACACAGGCAGGGGTGATCCCTCAGGGGGAATACGAAGGTGACTCTTTGTACAGACCTGCTTGACAGACTCACTCGGCCTCACTTCATCCTTGCAAAGAGAATCCTGTACTTCATCCTTGCAAAGAGAATCCTGTACTTCACTCAGAATGAAGGAACAAGTATCTCAGGATGAAATCTCAATGAAAAACACTTATTTTGGGGGAATATCTATTTTAACTGCTTCAGACACCTAGATCCCAGAACTCAGGCGCATATGCATATTTTCCCTGCAAGATTAGAATGGTGCTCTTCACGTTTTGACGGTGGTTTTCAAAATGTTGTTCTTCAACCAGCAACAGCAACAGCTAGGGACTGATTAGAAATGCAAATTCTTGGGTCACTCTCTAGACCAACTGATGCAGAAACAGGAGGTGTGAGCCAGCAATCAGATGGAGATTCTAGTGCTCATGAAAGTTTGAAGAACACTGGTAATGTGTGGAGTATCTTGGTGTATTTTGCTACTGTTGATATGGATTGCTTATGTTATATAAACGATTTTCATTAAA", 
                    "transcript length": 3267
                }
            ], 
            "from RefSeq?": false, 
            "introns": [
                3, 
                4
            ], 
            "length": 3514, 
            "number exons": 3, 
            "polyA?": false, 
            "protein length": 922, 
            "protein missing codon?": false, 
            "reference CDS end codon?": true, 
            "reference CDS start codon?": true, 
            "reference?": false, 
            "transcript sequence": "AGGCGCTATGGAGTCTAATCCAGGCACTTTGGAAGGCTGAGGCTGGAGGATCGATTGAGGCCAGGAGTTTGGGACCACCCTGGGCAACATAGCAAGATCTCATTTCTGAAAAAAGAATTATCATCCACTCACCCAGAACAGCTCTCCAAACTCCGTGGCAGTCAGAGCTCTGCCTGCAGTGTGACCATGGACAGCTCTCCAAAGCTTAAACTTCAGTAAATTGACTCAAGTTTCTTCGGAAAGAACTGTTACATAAAGAAAGGATGATATCTCTAAAGGTATGTGGATTCATCCAAATTTGGAGCCAGAAGACTGGGATGACTAAGCTGAAAGAAGCTCTCATTGAAACAGTGCAAAGACAAAAGGAAATTAAACTGGTGGTCACTTTCAAATCTGGAAAATTTATAAGAATTTTTCAGCTGAGCAACAACATTAGAAGTGTGGTCCTTAGACATTGTAAAAAAAGACAAAGTCACCTGCGTTTAACTTTGAAAAACAACGTGTTCTTGTTTATTGACAAATTATCCTACAGAGATGCTAAACAGTTGAATATGTTCCTGGACATAATCCACCAAAACAAATCTCAGCAACCCATGAAATCTGATGATGATTGGAGTGTGTTTGAAAGCAGGAATATGCTGAAGGAAATTGACAAAACTTCATTTTACAGCATTTGTAACAAGCCAAGTTATCAGAAGATGCCTTTGTTTATGTCAAAATCACCAACACATGTGAAAAAGGGGATATTAGAAAATCAAGGTGGGAAGGGGCAAAACACACTATCATCTGATGTACAGACAAATGAGGACATTCTGAAGGAAGATAACCCTGTACCAAACAAGAAATATAAGACAGATTCCTTGAAATATATACAAAGCAATAGGAAGAACCCATCAAGTTTAGAGGATTTAGAAAAAGATAGAGATTTGAAACTCGGGCCTTCATTCAATACCAACTGTAATGGAAATCCTAACCTAGATGAGACTGTTCTTGCAACCCAGACTCTCAATGCCAAAAATGGTTTGACATCTCCATTGGAACCAGAGCACAGCCAGGGTGACCCAAGATGCAACAAAGCCCAGGTGCCTCTTGACTCTCATTCACAGCAACTGCAGCAGGGGTTCCCCAATTTGGGAAACACCTGTTACATGAATGCAGTTTTACAATCGCTATTTGCAATTCCATCTTTTGCTGATGACTTACTCACTCAAGGTGTCCCATGGGAATATATTCCCTTTGAGGCTCTTATTATGACCTTGACCCAGCTGCTTGCTTTGAAAGATTTCTGTAGTACAAAGATCAAGAGAGAATTACTTGGGAATGTTAAAAAAGTCATTTCAGCAGTTGCAGAAATATTTTCTGGCAACATGCAGAATGATGCTCATGAGTTTTTAGGTCAGTGTTTAGACCAGCTGAAAGAAGACATGGAAAAATTAAATGCCACTTTGAATACTGGGAAAGAATGTGGGGATGAAAATTCATCTCCACAAATGCATGTTGGTAGTGCTGCCACCAAAGTGTTTGTTTGCCCTGTTGTTGCTAATTTTGAGTTTGAATTGCAGCTCTCCCTTATTTGTAAAGCTTGTGGTCATGCTGTTCTCAAGGTAGAACCTAATAATTATCTCTCCATCAACCTGCACCAAGAAACAAAACCACTTCCTTTGTCCATTCAGAATTCTTTAGATCTTTTCTTTAAAGAAGAAGAGCTTGAATATAACTGTCAGATGTGTAAGCAGAAGAGTTGTGTTGCAAGGCATACATTTAGTAGGCTCTCCAGGGTCCTTATCATTCATCTGAAACGCTATAGCTTCAACAATGCTTGGTTGCTGGTGAAGAATAACGAGCAAGTTTATATTCCCAAATCTTTAAGTTTATCTTCTTATTGCAATGAAAGCACCAAACCACCTCTTCCCTTGAGCAGTAGTGCACCTGTTGGGAAATGTGAAGTCCTGGAAGTCTCTCAGGAGATGATTTCTGAGATCAACAGCCCATTGACACCATCAATGAAGCTGACCTCAGAATCCAGTGATTCCCTGGTTCTACCCGTTGAACCAGACAAGAATGCCGACCTACAAAGATTCCAGAGAGACTGTGGAGATGCAAGCCAAGAGCAGCATCAGAGAGACCTGGAAAATGGCTCTGCACTAGAGTCAGAATTGGTCCACTTTAGAGATAGGGCAATCGGTGAAAAGGAGCTTCCAGTGGCTGACTCACTGATGGACCAGGGAGACATTTCTCTTCCTGTGATGTATGAAGATGGAGGGAAGCTGATCAGCAGCCCAGACACAAGGCTTGTCGAGGTTCATCTTCAAGAGGTGCCTCAACATCCAGAACTTCAGAAGTATGAGAAAACCAATACATTCGTAGAGTTCAATTTTGACAGTGTCACTGAGTCCACCAATGGCTTTTATGACTGTAAAGAAAACAGGATTCCAGAAGGATCTCAAGGAATGGCTGAACAGCTCCAGCAGTGTATTGAGGAGAGCATCATAGATGAATTTCTTCAGCAGGCACCACCTCCAGGTGTTAGGAAGCTGGATGCCCAGGAACATACAGAAGAGACCCTCAATCAGTCTACAGAATTAAGACTTCAAAAGGCTGACCTGAATCACCTTGGGGCACTGGGTTCTGACAACCCAGGAAACAAAAACATTTTAGATGCAGAGAACACAAGAGGTGAAGCCAAGGAACTAACAAGAAACGTGAAGATGGGGGATCCTCTCCAGGCCTACAGACTCATCAGTGTTGTCAGCCATATCGGGAGCTCCCCAAATTCAGGCCATTACATCAGCGATGTGTATGACTTTCAGAAGCAGGCCTGGTTCACATACAACGATCTATGTGTATCAGAAATCTCAGAGACCAAAATGCAGGAGGCGAGGCTTCACTCTGGGTATATCTTCTTTTACATGCACAATGGGATTTTTGAGGAGCTGTTAAGAAAAGCAGAGAACTCTCGGCTACCTAGCACACAGGCAGGGGTGATCCCTCAGGGGGAATACGAAGGTGACTCTTTGTACAGACCTGCTTGACAGACTCACTCGGCCTCACTTCATCCTTGCAAAGAGAATCCTGTACTTCATCCTTGCAAAGAGAATCCTGTACTTCACTCAGAATGAAGGAACAAGTATCTCAGGATGAAATCTCAATGAAAAACACTTATTTTGGGGGAATATCTATTTTAACTGCTTCAGACACCTAGATCCCAGAACTCAGGCGCATATGCATATTTTCCCTGCAAGATTAGAATGGTGCTCTTCACGTTTTGACGGTGGTTTTCAAAATGTTGTTCTTCAACCAGCAACAGCAACAGCTAGGGACTGATTAGAAATGCAAATTCTTGGGTCACTCTCTAGACCAACTGATGCAGAAACAGGAGGTGTGAGCCAGCAATCAGATGGAGATTCTAGTGCTCATGAAAGTTTGAAGAACACTGGTAATGTGTGGAGTATCTTGGTGTATTTTGCTACTGTTGATATGGATTGCTTATGTTATATAAACGATTTTCATTAAA"
        }
    }, 
    "length_genomic_sequence": 11786, 
    "number of processed ESTs": 10, 
    "number_isoforms": 2, 
    "program_version": " v1.2.57-2-g50d9447", 
    "version": 4
}