{
    "genome": {
        "sequence_id": "chr22", 
        "strand": "-"
    }, 
    "introns": {
        "1": {
            "BPS_position": 7033, 
            "BPS_score": 0.914702, 
            "acceptor_alignment_error": 0.0, 
            "acceptor_exon_prefix": "CTCTGAAAGTCTAGG", 
            "acceptor_score": 0.95023, 
            "absolute_end": 30665772, 
            "absolute_start": 30658656, 
            "donor_alignment_error": 0.0, 
            "donor_score": 0.848744, 
            "donor_exon_suffix": "GGCGCCACTTACTAG", 
            "length": 7117, 
            "number_of_supporting_transcripts": 10, 
            "pattern": "GTAG", 
            "prefix": "GTGATTCTTTATTCCAAGTT", 
            "relative_end": 1169852, 
            "relative_start": 1162736, 
            "repeat_sequence": "AG", 
            "suffix": "AAAGTACCTTTTTTTTTCAG", 
            "supporting_transcripts": {
                "AJ704765": {
                    "acceptor_factor_prefix": "CTCTGAAAGTCTAGG", 
                    "donor_factor_suffix": "GGCGCCACTTACTAG", 
                    "acceptor_factor_start": 82, 
                    "donor_factor_start": 1, 
                    "acceptor_factor_end": 281, 
                    "donor_factor_end": 81
                }, 
                "AJ704766": {
                    "acceptor_factor_prefix": "CTCTGAAAGTCTAGG", 
                    "donor_factor_suffix": "GGCGCCACTTACTAG", 
                    "acceptor_factor_start": 82, 
                    "donor_factor_start": 1, 
                    "acceptor_factor_end": 208, 
                    "donor_factor_end": 81
                }, 
                "AK315264": {
                    "acceptor_factor_prefix": "CTCTGAAAGTCTAGG", 
                    "donor_factor_suffix": "GGCGCCACTTACTAG", 
                    "acceptor_factor_start": 129, 
                    "donor_factor_start": 1, 
                    "acceptor_factor_end": 328, 
                    "donor_factor_end": 128
                }, 
                "AL050256": {
                    "acceptor_factor_prefix": "CTCTGAAAGTCTAGG", 
                    "donor_factor_suffix": "GGCGCCACTTACTAG", 
                    "acceptor_factor_start": 119, 
                    "donor_factor_start": 1, 
                    "acceptor_factor_end": 318, 
                    "donor_factor_end": 118
                }, 
                "DA198226": {
                    "acceptor_factor_prefix": "CTCTGAAAGTCTAGG", 
                    "donor_factor_suffix": "GGCGCCACTTACTAG", 
                    "acceptor_factor_start": 287, 
                    "donor_factor_start": 1, 
                    "acceptor_factor_end": 413, 
                    "donor_factor_end": 286
                }, 
                "DA495957": {
                    "acceptor_factor_prefix": "CTCTGAAAGTCTAGG", 
                    "donor_factor_suffix": "GGCGCCACTTACTAG", 
                    "acceptor_factor_start": 129, 
                    "donor_factor_start": 1, 
                    "acceptor_factor_end": 328, 
                    "donor_factor_end": 128
                }, 
                "DA496005": {
                    "acceptor_factor_prefix": "CTCTGAAAGTCTAGG", 
                    "donor_factor_suffix": "GGCGCCACTTACTAG", 
                    "acceptor_factor_start": 129, 
                    "donor_factor_start": 1, 
                    "acceptor_factor_end": 328, 
                    "donor_factor_end": 128
                }, 
                "DA522790": {
                    "acceptor_factor_prefix": "CTCTGAAAGTCTAGG", 
                    "donor_factor_suffix": "GGCGCCACTTACTAG", 
                    "acceptor_factor_start": 123, 
                    "donor_factor_start": 1, 
                    "acceptor_factor_end": 249, 
                    "donor_factor_end": 122
                }, 
                "DB102820": {
                    "acceptor_factor_prefix": "CTCTGAAAGTCTAGG", 
                    "donor_factor_suffix": "GGCGCCACTTACTAG", 
                    "acceptor_factor_start": 131, 
                    "donor_factor_start": 1, 
                    "acceptor_factor_end": 257, 
                    "donor_factor_end": 130
                }, 
                "NM_015372": {
                    "acceptor_factor_prefix": "CTCTGAAAGTCTAGG", 
                    "donor_factor_suffix": "GGCGCCACTTACTAG", 
                    "acceptor_factor_start": 119, 
                    "donor_factor_start": 1, 
                    "acceptor_factor_end": 318, 
                    "donor_factor_end": 118
                }
            }, 
            "type": "1"
        }, 
        "2": {
            "BPS_score": 0.0, 
            "acceptor_alignment_error": 0.0, 
            "acceptor_exon_prefix": "GTTTCAGTATCAACC", 
            "acceptor_score": 0.908873, 
            "absolute_end": 30658528, 
            "absolute_start": 30654990, 
            "donor_alignment_error": 0.0, 
            "donor_score": 0.872609, 
            "donor_exon_suffix": "CCTGGAGCGAAGAAG", 
            "length": 3539, 
            "number_of_supporting_transcripts": 6, 
            "pattern": "GTAG", 
            "prefix": "GTAATGAACTCCTACTTCAT", 
            "relative_end": 1173518, 
            "relative_start": 1169980, 
            "repeat_sequence": "AGGT", 
            "suffix": "AACTTGGGCTTCTTCTTCAG", 
            "supporting_transcripts": {
                "AJ704766": {
                    "acceptor_factor_prefix": "GTTTCAGTATCAACC", 
                    "donor_factor_suffix": "CCTGGAGCGAAGAAG", 
                    "acceptor_factor_start": 209, 
                    "donor_factor_start": 82, 
                    "acceptor_factor_end": 610, 
                    "donor_factor_end": 208
                }, 
                "DA198226": {
                    "acceptor_factor_prefix": "GTTTCAGTATCAACC", 
                    "donor_factor_suffix": "CCTGGAGCGAAGAAG", 
                    "acceptor_factor_start": 414, 
                    "donor_factor_start": 287, 
                    "acceptor_factor_end": 495, 
                    "donor_factor_end": 413
                }, 
                "DA485290": {
                    "acceptor_factor_prefix": "GTTTCAGTATCAACC", 
                    "donor_factor_suffix": "CCTGGAGCGAAGAAG", 
                    "acceptor_factor_start": 468, 
                    "donor_factor_start": 1, 
                    "acceptor_factor_end": 569, 
                    "donor_factor_end": 467
                }, 
                "DA522790": {
                    "acceptor_factor_prefix": "GTTTCAGTATCAACC", 
                    "donor_factor_suffix": "CCTGGAGCGAAGAAG", 
                    "acceptor_factor_start": 250, 
                    "donor_factor_start": 123, 
                    "acceptor_factor_end": 558, 
                    "donor_factor_end": 249
                }, 
                "DA900978": {
                    "acceptor_factor_prefix": "GTTTCAGTATCAACC", 
                    "donor_factor_suffix": "CCTGGAGCGAAGAAG", 
                    "acceptor_factor_start": 251, 
                    "donor_factor_start": 124, 
                    "acceptor_factor_end": 611, 
                    "donor_factor_end": 250
                }, 
                "DB102820": {
                    "acceptor_factor_prefix": "GTTTCAGTATCAACC", 
                    "donor_factor_suffix": "CCTGGAGCGAAGAAG", 
                    "acceptor_factor_start": 258, 
                    "donor_factor_start": 131, 
                    "acceptor_factor_end": 553, 
                    "donor_factor_end": 257
                }
            }, 
            "type": "1"
        }, 
        "3": {
            "BPS_score": 0.0, 
            "acceptor_alignment_error": 0.0, 
            "acceptor_exon_prefix": "GTTTCAGTATCAACC", 
            "acceptor_score": 0.908873, 
            "absolute_end": 30658455, 
            "absolute_start": 30654990, 
            "donor_alignment_error": 0.0, 
            "donor_score": 0.930812, 
            "donor_exon_suffix": "CTTGGTTAAGGCAAG", 
            "length": 3466, 
            "number_of_supporting_transcripts": 8, 
            "pattern": "GTAG", 
            "prefix": "GTCAGTATTATTGTTTTGAT", 
            "relative_end": 1173518, 
            "relative_start": 1170053, 
            "repeat_sequence": "AGGT", 
            "suffix": "AACTTGGGCTTCTTCTTCAG", 
            "supporting_transcripts": {
                "AJ704765": {
                    "acceptor_factor_prefix": "GTTTCAGTATCAACC", 
                    "donor_factor_suffix": "CTTGGTTAAGGCAAG", 
                    "acceptor_factor_start": 282, 
                    "donor_factor_start": 82, 
                    "acceptor_factor_end": 683, 
                    "donor_factor_end": 281
                }, 
                "AK294232": {
                    "acceptor_factor_prefix": "GTTTCAGTATCAACC", 
                    "donor_factor_suffix": "CTTGGTTAAGGCAAG", 
                    "acceptor_factor_start": 510, 
                    "donor_factor_start": 8, 
                    "acceptor_factor_end": 948, 
                    "donor_factor_end": 509
                }, 
                "AK315264": {
                    "acceptor_factor_prefix": "GTTTCAGTATCAACC", 
                    "donor_factor_suffix": "CTTGGTTAAGGCAAG", 
                    "acceptor_factor_start": 329, 
                    "donor_factor_start": 129, 
                    "acceptor_factor_end": 660, 
                    "donor_factor_end": 328
                }, 
                "AL050256": {
                    "acceptor_factor_prefix": "GTTTCAGTATCAACC", 
                    "donor_factor_suffix": "CTTGGTTAAGGCAAG", 
                    "acceptor_factor_start": 319, 
                    "donor_factor_start": 119, 
                    "acceptor_factor_end": 1247, 
                    "donor_factor_end": 318
                }, 
                "DA495957": {
                    "acceptor_factor_prefix": "GTTTCAGTATCAACC", 
                    "donor_factor_suffix": "CTTGGTTAAGGCAAG", 
                    "acceptor_factor_start": 329, 
                    "donor_factor_start": 129, 
                    "acceptor_factor_end": 559, 
                    "donor_factor_end": 328
                }, 
                "DA496005": {
                    "acceptor_factor_prefix": "GTTTCAGTATCAACC", 
                    "donor_factor_suffix": "CTTGGTTAAGGCAAG", 
                    "acceptor_factor_start": 329, 
                    "donor_factor_start": 129, 
                    "acceptor_factor_end": 550, 
                    "donor_factor_end": 328
                }, 
                "DC313934": {
                    "acceptor_factor_prefix": "GTTTCAGTATCAACC", 
                    "donor_factor_suffix": "CTTGGTTAAGGCAAG", 
                    "acceptor_factor_start": 510, 
                    "donor_factor_start": 8, 
                    "acceptor_factor_end": 562, 
                    "donor_factor_end": 509
                }, 
                "NM_015372": {
                    "acceptor_factor_prefix": "GTTTCAGTATCAACC", 
                    "donor_factor_suffix": "CTTGGTTAAGGCAAG", 
                    "acceptor_factor_start": 319, 
                    "donor_factor_start": 119, 
                    "acceptor_factor_end": 1247, 
                    "donor_factor_end": 318
                }
            }, 
            "type": "1"
        }
    }, 
    "isoforms": {
        "1": {
            "CDS end": 650, 
            "CDS length": 483, 
            "CDS start": 168, 
            "NMD flag": 0, 
            "PAS?": false, 
            "RefSeq": "NM_015372", 
            "Reference frame?": true, 
            "Type": "NM_015372 (Reference TR)", 
            "annotated CDS?": true, 
            "canonical end codon?": true, 
            "canonical start codon?": true, 
            "exons": [
                {
                    "3utr length": 0, 
                    "5utr length": 118, 
                    "absolute_end": 30665890, 
                    "absolute_start": 30665773, 
                    "cumulative genome length": 118, 
                    "cumulative transcript length": 118, 
                    "genome 5UTR end": 30665773, 
                    "genome 5UTR start": 30665890, 
                    "genome length": 118, 
                    "relative_end": 1162735, 
                    "relative_start": 1162618, 
                    "sequence": "CCCCAGGCGTGGGAAGATGGAACCAGAACAATTCGAACGAGCAGAGCAAAACAGATCGGAATTGCAGACTTCAGGTCGTGGCAGAGAAAACCAGCTGAGACAGGGCGCCACTTACTAG", 
                    "transcript length": 118
                }, 
                {
                    "3utr length": 0, 
                    "5utr length": 49, 
                    "absolute_end": 30658655, 
                    "absolute_start": 30658456, 
                    "cumulative genome length": 318, 
                    "cumulative transcript length": 318, 
                    "frame CDS": 0, 
                    "frame start codon": 0, 
                    "genome 5UTR end": 30658607, 
                    "genome 5UTR start": 30658655, 
                    "genome CDS end": 30658456, 
                    "genome CDS start": 30658606, 
                    "genome length": 200, 
                    "genome start codon end": 30658606, 
                    "genome start codon start": 30658604, 
                    "relative_end": 1170052, 
                    "relative_start": 1169853, 
                    "sequence": "CTCTGAAAGTCTAGGATATTTTGCCACTGGAAGACCAGCAGACAATGTCATGACAACTCAAGAGGATACAACAGGGCTGCATCAAAAGACAAGTCTTTGGACCATGTCAAGACCTGGAGCGAAGAAGGTAATGAACTCCTACTTCATAGCAGGCTGTGGGCCAGCAGTTTGCTACTACGCTGTCTCTTGGTTAAGGCAAG", 
                    "transcript length": 200
                }, 
                {
                    "3utr length": 597, 
                    "5utr length": 0, 
                    "absolute_end": 30654989, 
                    "absolute_start": 30654061, 
                    "cumulative genome length": 1247, 
                    "cumulative transcript length": 1247, 
                    "frame CDS": 2, 
                    "frame stop codon": 0, 
                    "genome 3UTR end": 30654657, 
                    "genome 3UTR start": 30654061, 
                    "genome CDS end": 30654661, 
                    "genome CDS start": 30654989, 
                    "genome length": 929, 
                    "genome stop codon end": 30654660, 
                    "genome stop codon start": 30654658, 
                    "relative_end": 1174447, 
                    "relative_start": 1173519, 
                    "sequence": "GTTTCAGTATCAACCTGACTTCTTTTGGAAGGATCCCTTGGCCTCACGCTGGAGTGGGCACCTGCCCTAGCCCACAGAGCTGGATTTCTCCCTTTCTTCAATCACACAGGGAGCACCACTATGCAAAGACCTCATCACATTCACAGCCGTCTCCGCAGAGCCTCGCACTGTGCTTGGCATATAGCAGGTGCTCAATAAATATCTGCCAAATGACTGAATGCATCTCGCTAGCCTCAGGATGCCACCAGGCCCTGAGGGAGCCAGGAAGATCAGAGGAAAGCTTTTGGATTCCTGCCACACCTTACATTAGCAACATCTTCTCCGAGTCCTGACAGCCAGCCTCCTGGGACACCATTCAAGCCAGCTGAATTCCGGTCACCGCTTCACCTTGGAAAGGCATCCGCAGCCCTCACCAAGCGGCCCCGTAATTGACGTCACAGCGGGGCCAGGAGCTGCCCTGTTAATATTTAATGTGGCCTTCACTGCGCAAAATGCAGCCTCTAAGAGCTGGAGGGGCCGTGCAGAGTCTCCATGGGGTTGTGAGGAGGGCACAGAAGGGAAAGGGCTTTATAAACCATAAAGCGCCCAACAGATGAGCATTCTGCCGACCCATTTCAGTCCCTGGCTTAACTCAGAAAGAGCCGGGGCTGCACATGCCTGCAGTGGGACAAGAAGACTGCTGACCAAGCCCGAACACTAAATCAATGGGGGATTAGGGGCTCCTGGGTACATTCCATTGAGACAGCGGGAGAGCAGAGCACTGGTGCCAGCCCAACCTGGACTCCACTCCAGGTTTGCCCCCTGCACAGCTGTGTGACTGGGTCAGCAAGTGCACTGCTGAGCCTCAGTCCCCCTTATCTGTGAAATGGGAATGATGCTTTCCTTGTAGCACTGCTGTGAAGATTCAATGAAACGAGTGATGCCGAAGA", 
                    "transcript length": 929
                }
            ], 
            "from RefSeq?": true, 
            "introns": [
                1, 
                3
            ], 
            "length": 1247, 
            "number exons": 3, 
            "polyA?": false, 
            "protein length": 160, 
            "protein missing codon?": false, 
            "reference CDS end codon?": true, 
            "reference CDS start codon?": true, 
            "reference?": true, 
            "transcript sequence": "CCCCAGGCGTGGGAAGATGGAACCAGAACAATTCGAACGAGCAGAGCAAAACAGATCGGAATTGCAGACTTCAGGTCGTGGCAGAGAAAACCAGCTGAGACAGGGCGCCACTTACTAGCTCTGAAAGTCTAGGATATTTTGCCACTGGAAGACCAGCAGACAATGTCATGACAACTCAAGAGGATACAACAGGGCTGCATCAAAAGACAAGTCTTTGGACCATGTCAAGACCTGGAGCGAAGAAGGTAATGAACTCCTACTTCATAGCAGGCTGTGGGCCAGCAGTTTGCTACTACGCTGTCTCTTGGTTAAGGCAAGGTTTCAGTATCAACCTGACTTCTTTTGGAAGGATCCCTTGGCCTCACGCTGGAGTGGGCACCTGCCCTAGCCCACAGAGCTGGATTTCTCCCTTTCTTCAATCACACAGGGAGCACCACTATGCAAAGACCTCATCACATTCACAGCCGTCTCCGCAGAGCCTCGCACTGTGCTTGGCATATAGCAGGTGCTCAATAAATATCTGCCAAATGACTGAATGCATCTCGCTAGCCTCAGGATGCCACCAGGCCCTGAGGGAGCCAGGAAGATCAGAGGAAAGCTTTTGGATTCCTGCCACACCTTACATTAGCAACATCTTCTCCGAGTCCTGACAGCCAGCCTCCTGGGACACCATTCAAGCCAGCTGAATTCCGGTCACCGCTTCACCTTGGAAAGGCATCCGCAGCCCTCACCAAGCGGCCCCGTAATTGACGTCACAGCGGGGCCAGGAGCTGCCCTGTTAATATTTAATGTGGCCTTCACTGCGCAAAATGCAGCCTCTAAGAGCTGGAGGGGCCGTGCAGAGTCTCCATGGGGTTGTGAGGAGGGCACAGAAGGGAAAGGGCTTTATAAACCATAAAGCGCCCAACAGATGAGCATTCTGCCGACCCATTTCAGTCCCTGGCTTAACTCAGAAAGAGCCGGGGCTGCACATGCCTGCAGTGGGACAAGAAGACTGCTGACCAAGCCCGAACACTAAATCAATGGGGGATTAGGGGCTCCTGGGTACATTCCATTGAGACAGCGGGAGAGCAGAGCACTGGTGCCAGCCCAACCTGGACTCCACTCCAGGTTTGCCCCCTGCACAGCTGTGTGACTGGGTCAGCAAGTGCACTGCTGAGCCTCAGTCCCCCTTATCTGTGAAATGGGAATGATGCTTTCCTTGTAGCACTGCTGTGAAGATTCAATGAAACGAGTGATGCCGAAGA"
        }, 
        "2": {
            "CDS end": 745, 
            "CDS length": 123, 
            "CDS start": 623, 
            "NMD flag": 0, 
            "PAS?": false, 
            "Reference frame?": true, 
            "Type": "", 
            "annotated CDS?": true, 
            "canonical end codon?": true, 
            "canonical start codon?": true, 
            "exons": [
                {
                    "3utr length": 0, 
                    "5utr length": 286, 
                    "absolute_end": 30666058, 
                    "absolute_start": 30665773, 
                    "cumulative genome length": 286, 
                    "cumulative transcript length": 286, 
                    "genome 5UTR end": 30665773, 
                    "genome 5UTR start": 30666058, 
                    "genome length": 286, 
                    "relative_end": 1162735, 
                    "relative_start": 1162450, 
                    "sequence": "ACACACAGATTCGTCTCACCTAGAAGTCACGTTTCATTTTAATCTCCAAGCAGACAGCGCAGCAGCAAACCTGGGGCTGTGGAGTGGGGCCCCACACCCTCCGCCCACTCTCCCGCCCCCGTCCACGCCTAGACTGCAGGAAAGGGGTCTTCGCACACAAAGCCAGACCCCCAGGCGTGGGAAGATGGAACCAGAACAATTCGAACGAGCAGAGCAAAACAGATCGGAATTGCAGACTTCAGGTCGTGGCAGAGAAAACCAGCTGAGACAGGGCGCCACTTACTAG", 
                    "transcript length": 286
                }, 
                {
                    "3utr length": 0, 
                    "5utr length": 127, 
                    "absolute_end": 30658655, 
                    "absolute_start": 30658529, 
                    "cumulative genome length": 413, 
                    "cumulative transcript length": 413, 
                    "genome 5UTR end": 30658529, 
                    "genome 5UTR start": 30658655, 
                    "genome length": 127, 
                    "relative_end": 1169979, 
                    "relative_start": 1169853, 
                    "sequence": "CTCTGAAAGTCTAGGATATTTTGCCACTGGAAGACCAGCAGACAATGTCATGACAACTCAAGAGGATACAACAGGGCTGCATCAAAAGACAAGTCTTTGGACCATGTCAAGACCTGGAGCGAAGAAG", 
                    "transcript length": 127
                }, 
                {
                    "3utr length": 597, 
                    "5utr length": 209, 
                    "absolute_end": 30654989, 
                    "absolute_start": 30654061, 
                    "cumulative genome length": 1342, 
                    "cumulative transcript length": 1342, 
                    "frame CDS": 0, 
                    "frame start codon": 0, 
                    "frame stop codon": 0, 
                    "genome 3UTR end": 30654657, 
                    "genome 3UTR start": 30654061, 
                    "genome 5UTR end": 30654781, 
                    "genome 5UTR start": 30654989, 
                    "genome CDS end": 30654661, 
                    "genome CDS start": 30654780, 
                    "genome length": 929, 
                    "genome start codon end": 30654780, 
                    "genome start codon start": 30654778, 
                    "genome stop codon end": 30654660, 
                    "genome stop codon start": 30654658, 
                    "relative_end": 1174447, 
                    "relative_start": 1173519, 
                    "sequence": "GTTTCAGTATCAACCTGACTTCTTTTGGAAGGATCCCTTGGCCTCACGCTGGAGTGGGCACCTGCCCTAGCCCACAGAGCTGGATTTCTCCCTTTCTTCAATCACACAGGGAGCACCACTATGCAAAGACCTCATCACATTCACAGCCGTCTCCGCAGAGCCTCGCACTGTGCTTGGCATATAGCAGGTGCTCAATAAATATCTGCCAAATGACTGAATGCATCTCGCTAGCCTCAGGATGCCACCAGGCCCTGAGGGAGCCAGGAAGATCAGAGGAAAGCTTTTGGATTCCTGCCACACCTTACATTAGCAACATCTTCTCCGAGTCCTGACAGCCAGCCTCCTGGGACACCATTCAAGCCAGCTGAATTCCGGTCACCGCTTCACCTTGGAAAGGCATCCGCAGCCCTCACCAAGCGGCCCCGTAATTGACGTCACAGCGGGGCCAGGAGCTGCCCTGTTAATATTTAATGTGGCCTTCACTGCGCAAAATGCAGCCTCTAAGAGCTGGAGGGGCCGTGCAGAGTCTCCATGGGGTTGTGAGGAGGGCACAGAAGGGAAAGGGCTTTATAAACCATAAAGCGCCCAACAGATGAGCATTCTGCCGACCCATTTCAGTCCCTGGCTTAACTCAGAAAGAGCCGGGGCTGCACATGCCTGCAGTGGGACAAGAAGACTGCTGACCAAGCCCGAACACTAAATCAATGGGGGATTAGGGGCTCCTGGGTACATTCCATTGAGACAGCGGGAGAGCAGAGCACTGGTGCCAGCCCAACCTGGACTCCACTCCAGGTTTGCCCCCTGCACAGCTGTGTGACTGGGTCAGCAAGTGCACTGCTGAGCCTCAGTCCCCCTTATCTGTGAAATGGGAATGATGCTTTCCTTGTAGCACTGCTGTGAAGATTCAATGAAACGAGTGATGCCGAAGA", 
                    "transcript length": 929
                }
            ], 
            "from RefSeq?": false, 
            "introns": [
                1, 
                2
            ], 
            "length": 1342, 
            "number exons": 3, 
            "polyA?": false, 
            "protein length": 40, 
            "protein missing codon?": false, 
            "reference CDS end codon?": true, 
            "reference CDS start codon?": false, 
            "reference?": false, 
            "transcript sequence": "ACACACAGATTCGTCTCACCTAGAAGTCACGTTTCATTTTAATCTCCAAGCAGACAGCGCAGCAGCAAACCTGGGGCTGTGGAGTGGGGCCCCACACCCTCCGCCCACTCTCCCGCCCCCGTCCACGCCTAGACTGCAGGAAAGGGGTCTTCGCACACAAAGCCAGACCCCCAGGCGTGGGAAGATGGAACCAGAACAATTCGAACGAGCAGAGCAAAACAGATCGGAATTGCAGACTTCAGGTCGTGGCAGAGAAAACCAGCTGAGACAGGGCGCCACTTACTAGCTCTGAAAGTCTAGGATATTTTGCCACTGGAAGACCAGCAGACAATGTCATGACAACTCAAGAGGATACAACAGGGCTGCATCAAAAGACAAGTCTTTGGACCATGTCAAGACCTGGAGCGAAGAAGGTTTCAGTATCAACCTGACTTCTTTTGGAAGGATCCCTTGGCCTCACGCTGGAGTGGGCACCTGCCCTAGCCCACAGAGCTGGATTTCTCCCTTTCTTCAATCACACAGGGAGCACCACTATGCAAAGACCTCATCACATTCACAGCCGTCTCCGCAGAGCCTCGCACTGTGCTTGGCATATAGCAGGTGCTCAATAAATATCTGCCAAATGACTGAATGCATCTCGCTAGCCTCAGGATGCCACCAGGCCCTGAGGGAGCCAGGAAGATCAGAGGAAAGCTTTTGGATTCCTGCCACACCTTACATTAGCAACATCTTCTCCGAGTCCTGACAGCCAGCCTCCTGGGACACCATTCAAGCCAGCTGAATTCCGGTCACCGCTTCACCTTGGAAAGGCATCCGCAGCCCTCACCAAGCGGCCCCGTAATTGACGTCACAGCGGGGCCAGGAGCTGCCCTGTTAATATTTAATGTGGCCTTCACTGCGCAAAATGCAGCCTCTAAGAGCTGGAGGGGCCGTGCAGAGTCTCCATGGGGTTGTGAGGAGGGCACAGAAGGGAAAGGGCTTTATAAACCATAAAGCGCCCAACAGATGAGCATTCTGCCGACCCATTTCAGTCCCTGGCTTAACTCAGAAAGAGCCGGGGCTGCACATGCCTGCAGTGGGACAAGAAGACTGCTGACCAAGCCCGAACACTAAATCAATGGGGGATTAGGGGCTCCTGGGTACATTCCATTGAGACAGCGGGAGAGCAGAGCACTGGTGCCAGCCCAACCTGGACTCCACTCCAGGTTTGCCCCCTGCACAGCTGTGTGACTGGGTCAGCAAGTGCACTGCTGAGCCTCAGTCCCCCTTATCTGTGAAATGGGAATGATGCTTTCCTTGTAGCACTGCTGTGAAGATTCAATGAAACGAGTGATGCCGAAGA"
        }, 
        "3": {
            "CDS end": 834, 
            "CDS length": 684, 
            "CDS start": 151, 
            "NMD flag": 0, 
            "PAS?": false, 
            "Reference frame?": true, 
            "Type": "init(E1a),5UTR;", 
            "annotated CDS?": true, 
            "canonical end codon?": true, 
            "canonical start codon?": true, 
            "exons": [
                {
                    "3utr length": 0, 
                    "5utr length": 150, 
                    "absolute_end": 30658957, 
                    "absolute_start": 30658456, 
                    "cumulative genome length": 502, 
                    "cumulative transcript length": 502, 
                    "frame CDS": 0, 
                    "frame start codon": 0, 
                    "genome 5UTR end": 30658808, 
                    "genome 5UTR start": 30658957, 
                    "genome CDS end": 30658456, 
                    "genome CDS start": 30658807, 
                    "genome length": 502, 
                    "genome start codon end": 30658807, 
                    "genome start codon start": 30658805, 
                    "relative_end": 1170052, 
                    "relative_start": 1169551, 
                    "sequence": "AAAGCCGACACCTATTGAGTTGCAGTTAAAATGAGGGCGAAAAAGGCTTTTGTTTCAGTTCTGCAGATGGTCTGGGAGTTTGTGTTTCTTAGCAAGAATTTTCTAGACGTTTTGGCTTGAACCATCTGAAAAACTGCCTCAAGCTTTTGCATGGTTCCCACTGGGTGGGCTGGGTTGGGAGGGGCTGTCGTGCATGGTCCGGGAAAGCTGGAGAAGGCTGTTCCTTCACCCCGAGCCTTGGATTTCTTATCTGTGAAATGGGAGGCTGCAATGATGAATGGCAAAGTACCTTTTTTTTTCAGCTCTGAAAGTCTAGGATATTTTGCCACTGGAAGACCAGCAGACAATGTCATGACAACTCAAGAGGATACAACAGGGCTGCATCAAAAGACAAGTCTTTGGACCATGTCAAGACCTGGAGCGAAGAAGGTAATGAACTCCTACTTCATAGCAGGCTGTGGGCCAGCAGTTTGCTACTACGCTGTCTCTTGGTTAAGGCAAG", 
                    "transcript length": 502
                }, 
                {
                    "3utr length": 597, 
                    "5utr length": 0, 
                    "absolute_end": 30654989, 
                    "absolute_start": 30654061, 
                    "cumulative genome length": 1431, 
                    "cumulative transcript length": 1431, 
                    "frame CDS": 2, 
                    "frame stop codon": 0, 
                    "genome 3UTR end": 30654657, 
                    "genome 3UTR start": 30654061, 
                    "genome CDS end": 30654661, 
                    "genome CDS start": 30654989, 
                    "genome length": 929, 
                    "genome stop codon end": 30654660, 
                    "genome stop codon start": 30654658, 
                    "relative_end": 1174447, 
                    "relative_start": 1173519, 
                    "sequence": "GTTTCAGTATCAACCTGACTTCTTTTGGAAGGATCCCTTGGCCTCACGCTGGAGTGGGCACCTGCCCTAGCCCACAGAGCTGGATTTCTCCCTTTCTTCAATCACACAGGGAGCACCACTATGCAAAGACCTCATCACATTCACAGCCGTCTCCGCAGAGCCTCGCACTGTGCTTGGCATATAGCAGGTGCTCAATAAATATCTGCCAAATGACTGAATGCATCTCGCTAGCCTCAGGATGCCACCAGGCCCTGAGGGAGCCAGGAAGATCAGAGGAAAGCTTTTGGATTCCTGCCACACCTTACATTAGCAACATCTTCTCCGAGTCCTGACAGCCAGCCTCCTGGGACACCATTCAAGCCAGCTGAATTCCGGTCACCGCTTCACCTTGGAAAGGCATCCGCAGCCCTCACCAAGCGGCCCCGTAATTGACGTCACAGCGGGGCCAGGAGCTGCCCTGTTAATATTTAATGTGGCCTTCACTGCGCAAAATGCAGCCTCTAAGAGCTGGAGGGGCCGTGCAGAGTCTCCATGGGGTTGTGAGGAGGGCACAGAAGGGAAAGGGCTTTATAAACCATAAAGCGCCCAACAGATGAGCATTCTGCCGACCCATTTCAGTCCCTGGCTTAACTCAGAAAGAGCCGGGGCTGCACATGCCTGCAGTGGGACAAGAAGACTGCTGACCAAGCCCGAACACTAAATCAATGGGGGATTAGGGGCTCCTGGGTACATTCCATTGAGACAGCGGGAGAGCAGAGCACTGGTGCCAGCCCAACCTGGACTCCACTCCAGGTTTGCCCCCTGCACAGCTGTGTGACTGGGTCAGCAAGTGCACTGCTGAGCCTCAGTCCCCCTTATCTGTGAAATGGGAATGATGCTTTCCTTGTAGCACTGCTGTGAAGATTCAATGAAACGAGTGATGCCGAAGA", 
                    "transcript length": 929
                }
            ], 
            "from RefSeq?": false, 
            "introns": [
                3
            ], 
            "length": 1431, 
            "number exons": 2, 
            "polyA?": false, 
            "protein length": 227, 
            "protein missing codon?": false, 
            "reference CDS end codon?": true, 
            "reference CDS start codon?": false, 
            "reference?": false, 
            "transcript sequence": "AAAGCCGACACCTATTGAGTTGCAGTTAAAATGAGGGCGAAAAAGGCTTTTGTTTCAGTTCTGCAGATGGTCTGGGAGTTTGTGTTTCTTAGCAAGAATTTTCTAGACGTTTTGGCTTGAACCATCTGAAAAACTGCCTCAAGCTTTTGCATGGTTCCCACTGGGTGGGCTGGGTTGGGAGGGGCTGTCGTGCATGGTCCGGGAAAGCTGGAGAAGGCTGTTCCTTCACCCCGAGCCTTGGATTTCTTATCTGTGAAATGGGAGGCTGCAATGATGAATGGCAAAGTACCTTTTTTTTTCAGCTCTGAAAGTCTAGGATATTTTGCCACTGGAAGACCAGCAGACAATGTCATGACAACTCAAGAGGATACAACAGGGCTGCATCAAAAGACAAGTCTTTGGACCATGTCAAGACCTGGAGCGAAGAAGGTAATGAACTCCTACTTCATAGCAGGCTGTGGGCCAGCAGTTTGCTACTACGCTGTCTCTTGGTTAAGGCAAGGTTTCAGTATCAACCTGACTTCTTTTGGAAGGATCCCTTGGCCTCACGCTGGAGTGGGCACCTGCCCTAGCCCACAGAGCTGGATTTCTCCCTTTCTTCAATCACACAGGGAGCACCACTATGCAAAGACCTCATCACATTCACAGCCGTCTCCGCAGAGCCTCGCACTGTGCTTGGCATATAGCAGGTGCTCAATAAATATCTGCCAAATGACTGAATGCATCTCGCTAGCCTCAGGATGCCACCAGGCCCTGAGGGAGCCAGGAAGATCAGAGGAAAGCTTTTGGATTCCTGCCACACCTTACATTAGCAACATCTTCTCCGAGTCCTGACAGCCAGCCTCCTGGGACACCATTCAAGCCAGCTGAATTCCGGTCACCGCTTCACCTTGGAAAGGCATCCGCAGCCCTCACCAAGCGGCCCCGTAATTGACGTCACAGCGGGGCCAGGAGCTGCCCTGTTAATATTTAATGTGGCCTTCACTGCGCAAAATGCAGCCTCTAAGAGCTGGAGGGGCCGTGCAGAGTCTCCATGGGGTTGTGAGGAGGGCACAGAAGGGAAAGGGCTTTATAAACCATAAAGCGCCCAACAGATGAGCATTCTGCCGACCCATTTCAGTCCCTGGCTTAACTCAGAAAGAGCCGGGGCTGCACATGCCTGCAGTGGGACAAGAAGACTGCTGACCAAGCCCGAACACTAAATCAATGGGGGATTAGGGGCTCCTGGGTACATTCCATTGAGACAGCGGGAGAGCAGAGCACTGGTGCCAGCCCAACCTGGACTCCACTCCAGGTTTGCCCCCTGCACAGCTGTGTGACTGGGTCAGCAAGTGCACTGCTGAGCCTCAGTCCCCCTTATCTGTGAAATGGGAATGATGCTTTCCTTGTAGCACTGCTGTGAAGATTCAATGAAACGAGTGATGCCGAAGA"
        }, 
        "4": {
            "CDS end": 484, 
            "CDS length": 297, 
            "CDS start": 188, 
            "NMD flag": 0, 
            "PAS?": false, 
            "Reference frame?": false, 
            "Type": "init(E1a),5UTR;", 
            "annotated CDS?": true, 
            "canonical end codon?": true, 
            "canonical start codon?": true, 
            "exons": [
                {
                    "3utr length": 0, 
                    "5utr length": 187, 
                    "absolute_end": 30658994, 
                    "absolute_start": 30658529, 
                    "cumulative genome length": 466, 
                    "cumulative transcript length": 466, 
                    "frame CDS": 0, 
                    "frame start codon": 0, 
                    "genome 5UTR end": 30658808, 
                    "genome 5UTR start": 30658994, 
                    "genome CDS end": 30658529, 
                    "genome CDS start": 30658807, 
                    "genome length": 466, 
                    "genome start codon end": 30658807, 
                    "genome start codon start": 30658805, 
                    "relative_end": 1169979, 
                    "relative_start": 1169514, 
                    "sequence": "AGCTTGTTCAGAGGAGCTCAGCTCTGGGGGAGAGCTCAAAGCCGACACCTATTGAGTTGCAGTTAAAATGAGGGCGAAAAAGGCTTTTGTTTCAGTTCTGCAGATGGTCTGGGAGTTTGTGTTTCTTAGCAAGAATTTTCTAGACGTTTTGGCTTGAACCATCTGAAAAACTGCCTCAAGCTTTTGCATGGTTCCCACTGGGTGGGCTGGGTTGGGAGGGGCTGTCGTGCATGGTCCGGGAAAGCTGGAGAAGGCTGTTCCTTCACCCCGAGCCTTGGATTTCTTATCTGTGAAATGGGAGGCTGCAATGATGAATGGCAAAGTACCTTTTTTTTTCAGCTCTGAAAGTCTAGGATATTTTGCCACTGGAAGACCAGCAGACAATGTCATGACAACTCAAGAGGATACAACAGGGCTGCATCAAAAGACAAGTCTTTGGACCATGTCAAGACCTGGAGCGAAGAAG", 
                    "transcript length": 466
                }, 
                {
                    "3utr length": 911, 
                    "5utr length": 0, 
                    "absolute_end": 30654989, 
                    "absolute_start": 30654061, 
                    "cumulative genome length": 1395, 
                    "cumulative transcript length": 1395, 
                    "frame CDS": 0, 
                    "frame stop codon": 0, 
                    "genome 3UTR end": 30654971, 
                    "genome 3UTR start": 30654061, 
                    "genome CDS end": 30654975, 
                    "genome CDS start": 30654989, 
                    "genome length": 929, 
                    "genome stop codon end": 30654974, 
                    "genome stop codon start": 30654972, 
                    "relative_end": 1174447, 
                    "relative_start": 1173519, 
                    "sequence": "GTTTCAGTATCAACCTGACTTCTTTTGGAAGGATCCCTTGGCCTCACGCTGGAGTGGGCACCTGCCCTAGCCCACAGAGCTGGATTTCTCCCTTTCTTCAATCACACAGGGAGCACCACTATGCAAAGACCTCATCACATTCACAGCCGTCTCCGCAGAGCCTCGCACTGTGCTTGGCATATAGCAGGTGCTCAATAAATATCTGCCAAATGACTGAATGCATCTCGCTAGCCTCAGGATGCCACCAGGCCCTGAGGGAGCCAGGAAGATCAGAGGAAAGCTTTTGGATTCCTGCCACACCTTACATTAGCAACATCTTCTCCGAGTCCTGACAGCCAGCCTCCTGGGACACCATTCAAGCCAGCTGAATTCCGGTCACCGCTTCACCTTGGAAAGGCATCCGCAGCCCTCACCAAGCGGCCCCGTAATTGACGTCACAGCGGGGCCAGGAGCTGCCCTGTTAATATTTAATGTGGCCTTCACTGCGCAAAATGCAGCCTCTAAGAGCTGGAGGGGCCGTGCAGAGTCTCCATGGGGTTGTGAGGAGGGCACAGAAGGGAAAGGGCTTTATAAACCATAAAGCGCCCAACAGATGAGCATTCTGCCGACCCATTTCAGTCCCTGGCTTAACTCAGAAAGAGCCGGGGCTGCACATGCCTGCAGTGGGACAAGAAGACTGCTGACCAAGCCCGAACACTAAATCAATGGGGGATTAGGGGCTCCTGGGTACATTCCATTGAGACAGCGGGAGAGCAGAGCACTGGTGCCAGCCCAACCTGGACTCCACTCCAGGTTTGCCCCCTGCACAGCTGTGTGACTGGGTCAGCAAGTGCACTGCTGAGCCTCAGTCCCCCTTATCTGTGAAATGGGAATGATGCTTTCCTTGTAGCACTGCTGTGAAGATTCAATGAAACGAGTGATGCCGAAGA", 
                    "transcript length": 929
                }
            ], 
            "from RefSeq?": false, 
            "introns": [
                2
            ], 
            "length": 1395, 
            "number exons": 2, 
            "polyA?": false, 
            "protein length": 98, 
            "protein missing codon?": false, 
            "reference CDS end codon?": false, 
            "reference CDS start codon?": false, 
            "reference?": false, 
            "transcript sequence": "AGCTTGTTCAGAGGAGCTCAGCTCTGGGGGAGAGCTCAAAGCCGACACCTATTGAGTTGCAGTTAAAATGAGGGCGAAAAAGGCTTTTGTTTCAGTTCTGCAGATGGTCTGGGAGTTTGTGTTTCTTAGCAAGAATTTTCTAGACGTTTTGGCTTGAACCATCTGAAAAACTGCCTCAAGCTTTTGCATGGTTCCCACTGGGTGGGCTGGGTTGGGAGGGGCTGTCGTGCATGGTCCGGGAAAGCTGGAGAAGGCTGTTCCTTCACCCCGAGCCTTGGATTTCTTATCTGTGAAATGGGAGGCTGCAATGATGAATGGCAAAGTACCTTTTTTTTTCAGCTCTGAAAGTCTAGGATATTTTGCCACTGGAAGACCAGCAGACAATGTCATGACAACTCAAGAGGATACAACAGGGCTGCATCAAAAGACAAGTCTTTGGACCATGTCAAGACCTGGAGCGAAGAAGGTTTCAGTATCAACCTGACTTCTTTTGGAAGGATCCCTTGGCCTCACGCTGGAGTGGGCACCTGCCCTAGCCCACAGAGCTGGATTTCTCCCTTTCTTCAATCACACAGGGAGCACCACTATGCAAAGACCTCATCACATTCACAGCCGTCTCCGCAGAGCCTCGCACTGTGCTTGGCATATAGCAGGTGCTCAATAAATATCTGCCAAATGACTGAATGCATCTCGCTAGCCTCAGGATGCCACCAGGCCCTGAGGGAGCCAGGAAGATCAGAGGAAAGCTTTTGGATTCCTGCCACACCTTACATTAGCAACATCTTCTCCGAGTCCTGACAGCCAGCCTCCTGGGACACCATTCAAGCCAGCTGAATTCCGGTCACCGCTTCACCTTGGAAAGGCATCCGCAGCCCTCACCAAGCGGCCCCGTAATTGACGTCACAGCGGGGCCAGGAGCTGCCCTGTTAATATTTAATGTGGCCTTCACTGCGCAAAATGCAGCCTCTAAGAGCTGGAGGGGCCGTGCAGAGTCTCCATGGGGTTGTGAGGAGGGCACAGAAGGGAAAGGGCTTTATAAACCATAAAGCGCCCAACAGATGAGCATTCTGCCGACCCATTTCAGTCCCTGGCTTAACTCAGAAAGAGCCGGGGCTGCACATGCCTGCAGTGGGACAAGAAGACTGCTGACCAAGCCCGAACACTAAATCAATGGGGGATTAGGGGCTCCTGGGTACATTCCATTGAGACAGCGGGAGAGCAGAGCACTGGTGCCAGCCCAACCTGGACTCCACTCCAGGTTTGCCCCCTGCACAGCTGTGTGACTGGGTCAGCAAGTGCACTGCTGAGCCTCAGTCCCCCTTATCTGTGAAATGGGAATGATGCTTTCCTTGTAGCACTGCTGTGAAGATTCAATGAAACGAGTGATGCCGAAGA"
        }
    }, 
    "length_genomic_sequence": 1174447, 
    "number of processed ESTs": 16, 
    "number_isoforms": 4, 
    "program_version": " v1.2.57-2-g50d9447", 
    "version": 4
}