{
    "genome": {
        "sequence_id": "chrX", 
        "strand": "+"
    }, 
    "introns": {
        "1": {
            "BPS score": 0.0, 
            "acceptor alignment average error": 0.0, 
            "acceptor prefix": "CTGGGCCAGCCGGCC", 
            "acceptor score": 0.462529, 
            "chromosome end": 153678815, 
            "chromosome start": 153678510, 
            "donor alignment average error": 0.0, 
            "donor score": 0.641698, 
            "donor suffix": "GAGCAGTTCGGACAG", 
            "length": 306, 
            "number supporting EST": 1, 
            "pattern": "CTAC", 
            "prefix": "CTGGGCCGGGAGCTGCGCGC", 
            "relative end": 1043671, 
            "relative start": 1043366, 
            "repeat sequence": "CTGGGCC", 
            "suffix": "TGGCCGCCGCCCTGCGCGAC", 
            "supporting ESTs": {
                "BI752892": {
                    "EST acceptor factor prefix": "CTGGGCCAGCCGGCC", 
                    "EST donor factor suffix": "GAGCAGTTCGGACAG", 
                    "begin EST acceptor factor": 161, 
                    "begin EST donor factor": 1, 
                    "end EST acceptor factor": 378, 
                    "end EST donor factor": 160
                }
            }, 
            "type": "2"
        }
    }, 
    "isoforms": {
        "1": {
            "CDS end": 1131, 
            "CDS length": 1116, 
            "CDS start": 16, 
            "NMD flag": 0, 
            "PAS?": false, 
            "RefSeq": "NM_012151", 
            "Reference frame?": true, 
            "Type": "NM_012151 (Reference TR)", 
            "annotated CDS?": true, 
            "canonical end codon?": true, 
            "canonical start codon?": true, 
            "exons": [
                {
                    "3utr length": 571, 
                    "5utr length": 15, 
                    "chromosome end": 153680040, 
                    "chromosome start": 153678339, 
                    "cumulative genome length": 1702, 
                    "cumulative transcript length": 1702, 
                    "frame CDS": 0, 
                    "frame start codon": 0, 
                    "frame stop codon": 0, 
                    "genome 3UTR end": 153680040, 
                    "genome 3UTR start": 153679470, 
                    "genome 5UTR end": 153678353, 
                    "genome 5UTR start": 153678339, 
                    "genome CDS end": 153679466, 
                    "genome CDS start": 153678354, 
                    "genome length": 1702, 
                    "genome start codon end": 153678356, 
                    "genome start codon start": 153678354, 
                    "genome stop codon end": 153679469, 
                    "genome stop codon start": 153679467, 
                    "relative end": 1044896, 
                    "relative start": 1043195, 
                    "sequence": "CTTGGGGCGGCGAGCATGGCGGCAGCGGCTGCAGGCCTGGGCGGCGGCGGCGCCGGCCCGGGACCCGAGGCCGGGGACTTCCTGGCCCGCTACCGGCTGGTATCGAACAAGCTGAAGAAGCGGTTCCTGCGGAAGCCGAACGTGGCGGAGGCCGGCGAGCAGTTCGGACAGCTGGGCCGGGAGCTGCGCGCCCAGGAGTGTCTGCCCTACGCGGCCTGGTGCCAGCTGGCGGTGGCGCGCTGCCAGCAGGCGCTCTTCCACGGGCCCGGGGAGGCGCTGGCCCTCACCGAGGCCGCCCGCCTCTTCCTGCGGCAGGAGCGCGACGCGCGCCAGCGCCTGGTCTGCCCCGCCGCCTACGGGGAGCCGCTGCAGGCCGCCGCCAGCGCCCTGGGCGCCGCGGTGCGTCTGCACCTCGAGCTGGGCCAGCCGGCCGCCGCCGCCGCCCTCTGCCTCGAGCTGGCCGCCGCCCTGCGCGACCTGGGCCAGCCGGCCGCCGCCGCCGGTCACTTCCAGCGCGCCGCCCAGCTCCAGCTGCCCCAGCTGCCCCTGGCCGCGCTGCAGGCGCTTGGCGAGGCCGCCTCCTGCCAGCTGCTGGCGCGCGACTACACCGGCGCCCTGGCGGTCTTCACGCGCATGCAGCGCCTGGCGCGGGAGCACGGCAGCCACCCGGTGCAGTCACTGCCGCCGCCCCCGCCGCCGGCACCCCAGCCCGGGCCCGGGGCGACGCCCGCCCTACCGGCCGCGCTGCTTCCTCCGAACTCCGGCTCGGCGGCGCCCTCTCCCGCCGCCCTGGGCGCCTTCTCGGACGTGCTGGTCCGCTGCGAGGTGTCCCGCGTGCTGCTGCTGCTCCTCCTGCAACCACCGCCCGCCAAGCTGCTGCCGGAGCACGCCCAGACCCTGGAGAAGTACTCCTGGGAGGCTTTTGACAGCCACGGGCAGGAGAGCAGCGGCCAGCTTCCCGAGGAGCTCTTTCTGCTGCTCCAGTCTTTGGTCATGGCTACCCACGAAAAGGACACGGAAGCCATCAAGTCGCTGCAGGTGGAGATGTGGCCACTGTTGACTGCTGAGCAGAACCACCTCCTTCACCTCGTTCTGCAAGAAACCATCTCCCCCTCAGGACAGGGAGTCTGATCCATCCCATTCACCCAGTGACTTCTTTTTGCCCAGGCCTGGACTTTTTGCATCAGTCACGTTAACCAGATGACTTTGCCTGTTACCAAACCTCATGCATCCACGTTTGCGTCTGGGGAGGAATAAAAAGACATCGTTCCCGCTTCTGCGTTTTGTTATTCCTACTGCCGCCATAGGAATTATTTCGTTGGCTGAACGTTACCAGCACCCCGAGAACACATTTTGATAGAATCAGAGTAGAGGACATGGCTGTCTTCTAAAAAGCCACGACATGAAAATGACAATCCCTTTCGTCTCCTTCCTCCGCTGCTTCCACCTAACGCAGCCTCCTGCCTCCGCCTTTGTTTCATAGTGAGGATTTTATTTTGCACGGCGCCCTCCCTCTAAATACCTACCCTAGATGATTTCATCCTGCCCCTCACTTCTTAACATATTCCTGTGTCTTTGTAATGGCCAAATTTCTCCTTCCACTCGTCCGCACGGTACGTCTTCATGGGAGTCATTTTATTCCTTACAGCTTCCTTGTAACCACAGCCCTAAATCCATGATAAAGCTACTCTTGTACTCCTCA", 
                    "transcript length": 1702
                }
            ], 
            "from RefSeq?": true, 
            "introns": [], 
            "length": 1702, 
            "number exons": 1, 
            "polyA?": false, 
            "protein length": 371, 
            "protein missing codon?": false, 
            "reference CDS end codon?": true, 
            "reference CDS start codon?": true, 
            "reference?": true, 
            "transcript sequence": "CTTGGGGCGGCGAGCATGGCGGCAGCGGCTGCAGGCCTGGGCGGCGGCGGCGCCGGCCCGGGACCCGAGGCCGGGGACTTCCTGGCCCGCTACCGGCTGGTATCGAACAAGCTGAAGAAGCGGTTCCTGCGGAAGCCGAACGTGGCGGAGGCCGGCGAGCAGTTCGGACAGCTGGGCCGGGAGCTGCGCGCCCAGGAGTGTCTGCCCTACGCGGCCTGGTGCCAGCTGGCGGTGGCGCGCTGCCAGCAGGCGCTCTTCCACGGGCCCGGGGAGGCGCTGGCCCTCACCGAGGCCGCCCGCCTCTTCCTGCGGCAGGAGCGCGACGCGCGCCAGCGCCTGGTCTGCCCCGCCGCCTACGGGGAGCCGCTGCAGGCCGCCGCCAGCGCCCTGGGCGCCGCGGTGCGTCTGCACCTCGAGCTGGGCCAGCCGGCCGCCGCCGCCGCCCTCTGCCTCGAGCTGGCCGCCGCCCTGCGCGACCTGGGCCAGCCGGCCGCCGCCGCCGGTCACTTCCAGCGCGCCGCCCAGCTCCAGCTGCCCCAGCTGCCCCTGGCCGCGCTGCAGGCGCTTGGCGAGGCCGCCTCCTGCCAGCTGCTGGCGCGCGACTACACCGGCGCCCTGGCGGTCTTCACGCGCATGCAGCGCCTGGCGCGGGAGCACGGCAGCCACCCGGTGCAGTCACTGCCGCCGCCCCCGCCGCCGGCACCCCAGCCCGGGCCCGGGGCGACGCCCGCCCTACCGGCCGCGCTGCTTCCTCCGAACTCCGGCTCGGCGGCGCCCTCTCCCGCCGCCCTGGGCGCCTTCTCGGACGTGCTGGTCCGCTGCGAGGTGTCCCGCGTGCTGCTGCTGCTCCTCCTGCAACCACCGCCCGCCAAGCTGCTGCCGGAGCACGCCCAGACCCTGGAGAAGTACTCCTGGGAGGCTTTTGACAGCCACGGGCAGGAGAGCAGCGGCCAGCTTCCCGAGGAGCTCTTTCTGCTGCTCCAGTCTTTGGTCATGGCTACCCACGAAAAGGACACGGAAGCCATCAAGTCGCTGCAGGTGGAGATGTGGCCACTGTTGACTGCTGAGCAGAACCACCTCCTTCACCTCGTTCTGCAAGAAACCATCTCCCCCTCAGGACAGGGAGTCTGATCCATCCCATTCACCCAGTGACTTCTTTTTGCCCAGGCCTGGACTTTTTGCATCAGTCACGTTAACCAGATGACTTTGCCTGTTACCAAACCTCATGCATCCACGTTTGCGTCTGGGGAGGAATAAAAAGACATCGTTCCCGCTTCTGCGTTTTGTTATTCCTACTGCCGCCATAGGAATTATTTCGTTGGCTGAACGTTACCAGCACCCCGAGAACACATTTTGATAGAATCAGAGTAGAGGACATGGCTGTCTTCTAAAAAGCCACGACATGAAAATGACAATCCCTTTCGTCTCCTTCCTCCGCTGCTTCCACCTAACGCAGCCTCCTGCCTCCGCCTTTGTTTCATAGTGAGGATTTTATTTTGCACGGCGCCCTCCCTCTAAATACCTACCCTAGATGATTTCATCCTGCCCCTCACTTCTTAACATATTCCTGTGTCTTTGTAATGGCCAAATTTCTCCTTCCACTCGTCCGCACGGTACGTCTTCATGGGAGTCATTTTATTCCTTACAGCTTCCTTGTAACCACAGCCCTAAATCCATGATAAAGCTACTCTTGTACTCCTCA"
        }, 
        "2": {
            "CDS end": 1116, 
            "CDS length": 1116, 
            "CDS start": 1, 
            "NMD flag": 0, 
            "PAS?": false, 
            "RefSeq": "NM_001007524", 
            "Reference frame?": true, 
            "Type": "init(E1a),5UTR_3UTR; term(E1a),5UTR_3UTR;", 
            "annotated CDS?": true, 
            "canonical end codon?": true, 
            "canonical start codon?": true, 
            "exons": [
                {
                    "3utr length": 0, 
                    "5utr length": 0, 
                    "chromosome end": 153679469, 
                    "chromosome start": 153678354, 
                    "cumulative genome length": 1116, 
                    "cumulative transcript length": 1116, 
                    "frame CDS": 0, 
                    "frame start codon": 0, 
                    "frame stop codon": 0, 
                    "genome CDS end": 153679466, 
                    "genome CDS start": 153678354, 
                    "genome length": 1116, 
                    "genome start codon end": 153678356, 
                    "genome start codon start": 153678354, 
                    "genome stop codon end": 153679469, 
                    "genome stop codon start": 153679467, 
                    "relative end": 1044325, 
                    "relative start": 1043210, 
                    "sequence": "ATGGCGGCAGCGGCTGCAGGCCTGGGCGGCGGCGGCGCCGGCCCGGGACCCGAGGCCGGGGACTTCCTGGCCCGCTACCGGCTGGTATCGAACAAGCTGAAGAAGCGGTTCCTGCGGAAGCCGAACGTGGCGGAGGCCGGCGAGCAGTTCGGACAGCTGGGCCGGGAGCTGCGCGCCCAGGAGTGTCTGCCCTACGCGGCCTGGTGCCAGCTGGCGGTGGCGCGCTGCCAGCAGGCGCTCTTCCACGGGCCCGGGGAGGCGCTGGCCCTCACCGAGGCCGCCCGCCTCTTCCTGCGGCAGGAGCGCGACGCGCGCCAGCGCCTGGTCTGCCCCGCCGCCTACGGGGAGCCGCTGCAGGCCGCCGCCAGCGCCCTGGGCGCCGCGGTGCGTCTGCACCTCGAGCTGGGCCAGCCGGCCGCCGCCGCCGCCCTCTGCCTCGAGCTGGCCGCCGCCCTGCGCGACCTGGGCCAGCCGGCCGCCGCCGCCGGTCACTTCCAGCGCGCCGCCCAGCTCCAGCTGCCCCAGCTGCCCCTGGCCGCGCTGCAGGCGCTTGGCGAGGCCGCCTCCTGCCAGCTGCTGGCGCGCGACTACACCGGCGCCCTGGCGGTCTTCACGCGCATGCAGCGCCTGGCGCGGGAGCACGGCAGCCACCCGGTGCAGTCACTGCCGCCGCCCCCGCCGCCGGCACCCCAGCCCGGGCCCGGGGCGACGCCCGCCCTACCGGCCGCGCTGCTTCCTCCGAACTCCGGCTCGGCGGCGCCCTCTCCCGCCGCCCTGGGCGCCTTCTCGGACGTGCTGGTCCGCTGCGAGGTGTCCCGCGTGCTGCTGCTGCTCCTCCTGCAACCACCGCCCGCCAAGCTGCTGCCGGAGCACGCCCAGACCCTGGAGAAGTACTCCTGGGAGGCTTTTGACAGCCACGGGCAGGAGAGCAGCGGCCAGCTTCCCGAGGAGCTCTTTCTGCTGCTCCAGTCTTTGGTCATGGCTACCCACGAAAAGGACACGGAAGCCATCAAGTCGCTGCAGGTGGAGATGTGGCCACTGTTGACTGCTGAGCAGAACCACCTCCTTCACCTCGTTCTGCAAGAAACCATCTCCCCCTCAGGACAGGGAGTCTGA", 
                    "transcript length": 1116
                }
            ], 
            "from RefSeq?": true, 
            "introns": [], 
            "length": 1116, 
            "number exons": 1, 
            "polyA?": false, 
            "protein length": 371, 
            "protein missing codon?": false, 
            "reference CDS end codon?": true, 
            "reference CDS start codon?": true, 
            "reference?": false, 
            "transcript sequence": "ATGGCGGCAGCGGCTGCAGGCCTGGGCGGCGGCGGCGCCGGCCCGGGACCCGAGGCCGGGGACTTCCTGGCCCGCTACCGGCTGGTATCGAACAAGCTGAAGAAGCGGTTCCTGCGGAAGCCGAACGTGGCGGAGGCCGGCGAGCAGTTCGGACAGCTGGGCCGGGAGCTGCGCGCCCAGGAGTGTCTGCCCTACGCGGCCTGGTGCCAGCTGGCGGTGGCGCGCTGCCAGCAGGCGCTCTTCCACGGGCCCGGGGAGGCGCTGGCCCTCACCGAGGCCGCCCGCCTCTTCCTGCGGCAGGAGCGCGACGCGCGCCAGCGCCTGGTCTGCCCCGCCGCCTACGGGGAGCCGCTGCAGGCCGCCGCCAGCGCCCTGGGCGCCGCGGTGCGTCTGCACCTCGAGCTGGGCCAGCCGGCCGCCGCCGCCGCCCTCTGCCTCGAGCTGGCCGCCGCCCTGCGCGACCTGGGCCAGCCGGCCGCCGCCGCCGGTCACTTCCAGCGCGCCGCCCAGCTCCAGCTGCCCCAGCTGCCCCTGGCCGCGCTGCAGGCGCTTGGCGAGGCCGCCTCCTGCCAGCTGCTGGCGCGCGACTACACCGGCGCCCTGGCGGTCTTCACGCGCATGCAGCGCCTGGCGCGGGAGCACGGCAGCCACCCGGTGCAGTCACTGCCGCCGCCCCCGCCGCCGGCACCCCAGCCCGGGCCCGGGGCGACGCCCGCCCTACCGGCCGCGCTGCTTCCTCCGAACTCCGGCTCGGCGGCGCCCTCTCCCGCCGCCCTGGGCGCCTTCTCGGACGTGCTGGTCCGCTGCGAGGTGTCCCGCGTGCTGCTGCTGCTCCTCCTGCAACCACCGCCCGCCAAGCTGCTGCCGGAGCACGCCCAGACCCTGGAGAAGTACTCCTGGGAGGCTTTTGACAGCCACGGGCAGGAGAGCAGCGGCCAGCTTCCCGAGGAGCTCTTTCTGCTGCTCCAGTCTTTGGTCATGGCTACCCACGAAAAGGACACGGAAGCCATCAAGTCGCTGCAGGTGGAGATGTGGCCACTGTTGACTGCTGAGCAGAACCACCTCCTTCACCTCGTTCTGCAAGAAACCATCTCCCCCTCAGGACAGGGAGTCTGA"
        }, 
        "3": {
            "CDS end": 1116, 
            "CDS length": 1116, 
            "CDS start": 1, 
            "NMD flag": 0, 
            "PAS?": false, 
            "RefSeq": "NM_001007523", 
            "Reference frame?": true, 
            "Type": "init(E1a),5UTR_3UTR; term(E1a),5UTR_3UTR;", 
            "annotated CDS?": true, 
            "canonical end codon?": true, 
            "canonical start codon?": true, 
            "exons": [
                {
                    "3utr length": 0, 
                    "5utr length": 0, 
                    "chromosome end": 153679469, 
                    "chromosome start": 153678354, 
                    "cumulative genome length": 1116, 
                    "cumulative transcript length": 1116, 
                    "frame CDS": 0, 
                    "frame start codon": 0, 
                    "frame stop codon": 0, 
                    "genome CDS end": 153679466, 
                    "genome CDS start": 153678354, 
                    "genome length": 1116, 
                    "genome start codon end": 153678356, 
                    "genome start codon start": 153678354, 
                    "genome stop codon end": 153679469, 
                    "genome stop codon start": 153679467, 
                    "relative end": 1044325, 
                    "relative start": 1043210, 
                    "sequence": "ATGGCGGCAGCGGCTGCAGGCCTGGGCGGCGGCGGCGCCGGCCCGGGACCCGAGGCCGGGGACTTCCTGGCCCGCTACCGGCTGGTATCGAACAAGCTGAAGAAGCGGTTCCTGCGGAAGCCGAACGTGGCGGAGGCCGGCGAGCAGTTCGGACAGCTGGGCCGGGAGCTGCGCGCCCAGGAGTGTCTGCCCTACGCGGCCTGGTGCCAGCTGGCGGTGGCGCGCTGCCAGCAGGCGCTCTTCCACGGGCCCGGGGAGGCGCTGGCCCTCACCGAGGCCGCCCGCCTCTTCCTGCGGCAGGAGCGCGACGCGCGCCAGCGCCTGGTCTGCCCCGCCGCCTACGGGGAGCCGCTGCAGGCCGCCGCCAGCGCCCTGGGCGCCGCGGTGCGTCTGCACCTCGAGCTGGGCCAGCCGGCCGCCGCCGCCGCCCTCTGCCTCGAGCTGGCCGCCGCCCTGCGCGACCTGGGCCAGCCGGCCGCCGCCGCCGGTCACTTCCAGCGCGCCGCCCAGCTCCAGCTGCCCCAGCTGCCCCTGGCCGCGCTGCAGGCGCTTGGCGAGGCCGCCTCCTGCCAGCTGCTGGCGCGCGACTACACCGGCGCCCTGGCGGTCTTCACGCGCATGCAGCGCCTGGCGCGGGAGCACGGCAGCCACCCGGTGCAGTCACTGCCGCCGCCCCCGCCGCCGGCACCCCAGCCCGGGCCCGGGGCGACGCCCGCCCTACCGGCCGCGCTGCTTCCTCCGAACTCCGGCTCGGCGGCGCCCTCTCCCGCCGCCCTGGGCGCCTTCTCGGACGTGCTGGTCCGCTGCGAGGTGTCCCGCGTGCTGCTGCTGCTCCTCCTGCAACCACCGCCCGCCAAGCTGCTGCCGGAGCACGCCCAGACCCTGGAGAAGTACTCCTGGGAGGCTTTTGACAGCCACGGGCAGGAGAGCAGCGGCCAGCTTCCCGAGGAGCTCTTTCTGCTGCTCCAGTCTTTGGTCATGGCTACCCACGAAAAGGACACGGAAGCCATCAAGTCGCTGCAGGTGGAGATGTGGCCACTGTTGACTGCTGAGCAGAACCACCTCCTTCACCTCGTTCTGCAAGAAACCATCTCCCCCTCAGGACAGGGAGTCTGA", 
                    "transcript length": 1116
                }
            ], 
            "from RefSeq?": true, 
            "introns": [], 
            "length": 1116, 
            "number exons": 1, 
            "polyA?": false, 
            "protein length": 371, 
            "protein missing codon?": false, 
            "reference CDS end codon?": true, 
            "reference CDS start codon?": true, 
            "reference?": false, 
            "transcript sequence": "ATGGCGGCAGCGGCTGCAGGCCTGGGCGGCGGCGGCGCCGGCCCGGGACCCGAGGCCGGGGACTTCCTGGCCCGCTACCGGCTGGTATCGAACAAGCTGAAGAAGCGGTTCCTGCGGAAGCCGAACGTGGCGGAGGCCGGCGAGCAGTTCGGACAGCTGGGCCGGGAGCTGCGCGCCCAGGAGTGTCTGCCCTACGCGGCCTGGTGCCAGCTGGCGGTGGCGCGCTGCCAGCAGGCGCTCTTCCACGGGCCCGGGGAGGCGCTGGCCCTCACCGAGGCCGCCCGCCTCTTCCTGCGGCAGGAGCGCGACGCGCGCCAGCGCCTGGTCTGCCCCGCCGCCTACGGGGAGCCGCTGCAGGCCGCCGCCAGCGCCCTGGGCGCCGCGGTGCGTCTGCACCTCGAGCTGGGCCAGCCGGCCGCCGCCGCCGCCCTCTGCCTCGAGCTGGCCGCCGCCCTGCGCGACCTGGGCCAGCCGGCCGCCGCCGCCGGTCACTTCCAGCGCGCCGCCCAGCTCCAGCTGCCCCAGCTGCCCCTGGCCGCGCTGCAGGCGCTTGGCGAGGCCGCCTCCTGCCAGCTGCTGGCGCGCGACTACACCGGCGCCCTGGCGGTCTTCACGCGCATGCAGCGCCTGGCGCGGGAGCACGGCAGCCACCCGGTGCAGTCACTGCCGCCGCCCCCGCCGCCGGCACCCCAGCCCGGGCCCGGGGCGACGCCCGCCCTACCGGCCGCGCTGCTTCCTCCGAACTCCGGCTCGGCGGCGCCCTCTCCCGCCGCCCTGGGCGCCTTCTCGGACGTGCTGGTCCGCTGCGAGGTGTCCCGCGTGCTGCTGCTGCTCCTCCTGCAACCACCGCCCGCCAAGCTGCTGCCGGAGCACGCCCAGACCCTGGAGAAGTACTCCTGGGAGGCTTTTGACAGCCACGGGCAGGAGAGCAGCGGCCAGCTTCCCGAGGAGCTCTTTCTGCTGCTCCAGTCTTTGGTCATGGCTACCCACGAAAAGGACACGGAAGCCATCAAGTCGCTGCAGGTGGAGATGTGGCCACTGTTGACTGCTGAGCAGAACCACCTCCTTCACCTCGTTCTGCAAGAAACCATCTCCCCCTCAGGACAGGGAGTCTGA"
        }
    }, 
    "length_genomic_sequence": 1044896, 
    "number of processed ESTs": 197, 
    "number_isoforms": 3, 
    "program_version": " v1.2.57-2-g50d9447", 
    "version": 4
}